
U-Boot SPL 2019.01-g66126341c8 (Oct 17 2019 - 22:30:34 +0000)
SYSFW ABI: 2.6 (firmware rev 0x0013 '19.8.0-v2019.08 (Terrific Llama')
Trying to boot from MMC2
Loading Environment from MMC... *** Warning - No MMC card found, using default environment

Remoteproc 2 started successfully
** File not found /lib/firmware/j7-mcu-r5f0_0-fw **
Starting ATF on ARM64 core...

NOTICE:  BL31: v2.1(release):ti2019.04-rc5
NOTICE:  BL31: Built : 22:30:15, Oct 17 2019
I/TC: 
I/TC: OP-TEE version: ti2019.04-rc5-dev (gcc version 8.3.0 (GNU Toolchain for the A-profile Architecture 8.3-2019.03 (arm-rel-8.36))) #1 Thu Oct 17 22:30:43 UTC 2019 aarch64
I/TC: Initialized

U-Boot SPL 2019.01-g66126341c8 (Oct 17 2019 - 22:31:03 +0000)
Detected: J7X-BASE-CPB rev E2
Detected: J7X-VSC8514-ETH rev E2
Trying to boot from MMC2


U-Boot 2019.01-g66126341c8 (Oct 17 2019 - 22:31:03 +0000)

SoC:   J721E PG 1.0
Model: Texas Instruments K3 J721E SoC
Board: J721EX-PM1-SOM rev E2
DRAM:  4 GiB
Flash: 64 MiB
MMC:   sdhci@4f80000: 0, sdhci@4fb0000: 1
Loading Environment from MMC... *** Warning - bad CRC, using default environment

In:    serial@2800000
Out:   serial@2800000
Err:   serial@2800000
Detected: J7X-BASE-CPB rev E2
Detected: J7X-VSC8514-ETH rev E2
Net:   
Warning: ethernet@046000000 using MAC address from ROM
eth0: ethernet@046000000
Hit any key to stop autoboot:  2  1  0 
switch to partitions #0, OK
mmc1 is current device
SD/MMC found on device 1
** Unable to read file boot.scr **
81 bytes read in 1 ms (79.1 KiB/s)
Loaded env from uEnv.txt
Importing environment from mmc1 ...
12104588 bytes read in 507 ms (22.8 MiB/s)
Load Remote Processor 3 with data@addr=0x80080000 12104588 bytes: Success!
** File not found /lib/firmware/j7-main-r5f1_0-fw **
8911840 bytes read in 368 ms (23.1 MiB/s)
Load Remote Processor 6 with data@addr=0x80080000 8911840 bytes: Success!
8910836 bytes read in 1363 ms (6.2 MiB/s)
Load Remote Processor 7 with data@addr=0x80080000 8910836 bytes: Success!
11859584 bytes read in 1650 ms (6.9 MiB/s)
Load Remote Processor 8 with data@addr=0x80080000 11859584 bytes: Success!
13338632 bytes read in 559 ms (22.8 MiB/s)
100093 bytes read in 5 ms (19.1 MiB/s)
3653 bytes read in 1 ms (3.5 MiB/s)
3742 bytes read in 3 ms (1.2 MiB/s)
## Flattened Device Tree blob at 82000000
   Booting using the fdt blob at 0x82000000
   Loading Device Tree to 00000000fdda5000, end 00000000fdec0fff ... OK

Starting kernel ...

[    0.000000] Booting Linux on physical CPU 0x0000000000 [0x411fd080]
[    0.000000] Linux version 4.19.73-g0cabba2b47 (oe-user@oe-host) (gcc version 8.3.0 (GNU Toolchain for the A-profile Architecture 8.3-2019.03 (arm-rel-8.36))) #1 SMP PREEMPT Thu Oct 17 22:32:25 UTC 2019
[    0.000000] Machine model: Texas Instruments K3 J721E SoC
[    0.000000] earlycon: ns16550a0 at MMIO32 0x0000000002800000 (options '')
[    0.000000] bootconsole [ns16550a0] enabled
[    0.000000] Reserved memory: created DMA memory pool at 0x00000000a0000000, size 1 MiB
[    0.000000] OF: reserved mem: initialized node r5f-dma-memory@a0000000, compatible id shared-dma-pool
[    0.000000] Reserved memory: created DMA memory pool at 0x00000000a0100000, size 15 MiB
[    0.000000] OF: reserved mem: initialized node r5f-memory@a0100000, compatible id shared-dma-pool
[    0.000000] Reserved memory: created DMA memory pool at 0x00000000a1000000, size 1 MiB
[    0.000000] OF: reserved mem: initialized node r5f-dma-memory@a1000000, compatible id shared-dma-pool
[    0.000000] Reserved memory: created DMA memory pool at 0x00000000a1100000, size 15 MiB
[    0.000000] OF: reserved mem: initialized node r5f-memory@a1100000, compatible id shared-dma-pool
[    0.000000] Reserved memory: created DMA memory pool at 0x00000000a2000000, size 1 MiB
[    0.000000] OF: reserved mem: initialized node r5f-dma-memory@a2000000, compatible id shared-dma-pool
[    0.000000] Reserved memory: created DMA memory pool at 0x00000000a2100000, size 31 MiB
[    0.000000] OF: reserved mem: initialized node r5f-memory@a2100000, compatible id shared-dma-pool
[    0.000000] Reserved memory: created DMA memory pool at 0x00000000a4000000, size 1 MiB
[    0.000000] OF: reserved mem: initialized node r5f-dma-memory@a3000000, compatible id shared-dma-pool
[    0.000000] Reserved memory: created DMA memory pool at 0x00000000a4100000, size 63 MiB
[    0.000000] OF: reserved mem: initialized node r5f-memory@a3100000, compatible id shared-dma-pool
[    0.000000] Reserved memory: created DMA memory pool at 0x00000000a8000000, size 1 MiB
[    0.000000] OF: reserved mem: initialized node r5f-dma-memory@a4000000, compatible id shared-dma-pool
[    0.000000] Reserved memory: created DMA memory pool at 0x00000000a8100000, size 15 MiB
[    0.000000] OF: reserved mem: initialized node r5f-memory@a4100000, compatible id shared-dma-pool
[    0.000000] Reserved memory: created DMA memory pool at 0x00000000a9000000, size 1 MiB
[    0.000000] OF: reserved mem: initialized node r5f-dma-memory@a5000000, compatible id shared-dma-pool
[    0.000000] Reserved memory: created DMA memory pool at 0x00000000a9100000, size 15 MiB
[    0.000000] OF: reserved mem: initialized node r5f-memory@a5100000, compatible id shared-dma-pool
[    0.000000] Reserved memory: created DMA memory pool at 0x00000000aa000000, size 1 MiB
[    0.000000] OF: reserved mem: initialized node c66-dma-memory@a6000000, compatible id shared-dma-pool
[    0.000000] Reserved memory: created DMA memory pool at 0x00000000aa100000, size 63 MiB
[    0.000000] OF: reserved mem: initialized node c66-memory@a6100000, compatible id shared-dma-pool
[    0.000000] Reserved memory: created DMA memory pool at 0x00000000ae000000, size 1 MiB
[    0.000000] OF: reserved mem: initialized node c66-dma-memory@a7000000, compatible id shared-dma-pool
[    0.000000] Reserved memory: created DMA memory pool at 0x00000000ae100000, size 31 MiB
[    0.000000] OF: reserved mem: initialized node c66-memory@a7100000, compatible id shared-dma-pool
[    0.000000] Reserved memory: created DMA memory pool at 0x00000000b0000000, size 1 MiB
[    0.000000] OF: reserved mem: initialized node c71-dma-memory@a8000000, compatible id shared-dma-pool
[    0.000000] Reserved memory: created DMA memory pool at 0x00000000b0100000, size 127 MiB
[    0.000000] OF: reserved mem: initialized node c71-memory@a8100000, compatible id shared-dma-pool
[    0.000000] Reserved memory: created DMA memory pool at 0x00000000b8000000, size 32 MiB
[    0.000000] OF: reserved mem: initialized node vision_apps-dma-memory@b8000000, compatible id shared-dma-pool
[    0.000000] Reserved memory: created DMA memory pool at 0x00000000bc000000, size 576 MiB
[    0.000000] OF: reserved mem: initialized node vision_apps_shared-memories@bc000000, compatible id shared-dma-pool
[    0.000000] cma: Failed to reserve 512 MiB
[    0.000000] psci: probing for conduit method from DT.
[    0.000000] psci: PSCIv1.1 detected in firmware.
[    0.000000] psci: Using standard PSCI v0.2 function IDs
[    0.000000] psci: Trusted OS migration not required
[    0.000000] psci: SMC Calling Convention v1.1
[    0.000000] random: get_random_bytes called from start_kernel+0x94/0x3e4 with crng_init=0
[    0.000000] percpu: Embedded 2 pages/cpu s52632 r8192 d70248 u131072
[    0.000000] Detected PIPT I-cache on CPU0
[    0.000000] CPU features: enabling workaround for EL2 vector hardening
[    0.000000] Speculative Store Bypass Disable mitigation not required
[    0.000000] Built 1 zonelists, mobility grouping on.  Total pages: 57927
[    0.000000] Kernel command line: console=ttyS2,115200n8 earlycon=ns16550a,mmio32,0x02800000 mtdparts=47040000.spi.0:512k(ospi.tiboot3),2m(ospi.tispl),4m(ospi.u-boot),128k(ospi.env),128k(ospi.env.backup),1m(ospi.sysfw),-@8m(ospi.rootfs);47034000.hyperbus:512k(hbmc.tiboot3),2m(hbmc.tispl),4m(hbmc.u-boot),256k(hbmc.env),1m(hbmc.sysfw),-@8m(hbmc.rootfs) root=PARTUUID=c5671e41-02 rw rootfstype=ext4 rootwait
[    0.000000] Dentry cache hash table entries: 524288 (order: 6, 4194304 bytes)
[    0.000000] Inode-cache hash table entries: 262144 (order: 5, 2097152 bytes)
[    0.000000] software IO TLB: mapped [mem 0xf9da0000-0xfdda0000] (64MB)
[    0.000000] Memory: 3029504K/3710976K available (8510K kernel code, 738K rwdata, 3136K rodata, 576K init, 642K bss, 681472K reserved, 0K cma-reserved)
[    0.000000] SLUB: HWalign=64, Order=0-3, MinObjects=0, CPUs=2, Nodes=1
[    0.000000] rcu: Preemptible hierarchical RCU implementation.
[    0.000000] rcu: 	RCU restricting CPUs from NR_CPUS=64 to nr_cpu_ids=2.
[    0.000000] 	Tasks RCU enabled.
[    0.000000] rcu: Adjusting geometry for rcu_fanout_leaf=16, nr_cpu_ids=2
[    0.000000] NR_IRQS: 64, nr_irqs: 64, preallocated irqs: 0
[    0.000000] GICv3: GIC: Using split EOI/Deactivate mode
[    0.000000] GICv3: Distributor has no Range Selector support
[    0.000000] GICv3: no VLPI support, no direct LPI support
[    0.000000] ITS [mem 0x01820000-0x0182ffff]
[    0.000000] GIC: enabling workaround for ITS: Socionext Synquacer pre-ITS
[    0.000000] ITS@0x0000000001820000: allocated 1048576 Devices @8c0800000 (flat, esz 8, psz 64K, shr 0)
[    0.000000] ITS: using cache flushing for cmd queue
[    0.000000] GIC: using LPI property table @0x00000008c00a0000
[    0.000000] GICv3: CPU0: found redistributor 0 region 0:0x0000000001900000
[    0.000000] CPU0: using LPI pending table @0x00000008c00b0000
[    0.000000] GIC: using cache flushing for LPI property table
[    0.000000] arch_timer: cp15 timer(s) running at 200.00MHz (phys).
[    0.000000] clocksource: arch_sys_counter: mask: 0xffffffffffffff max_cycles: 0x2e2049d3e8, max_idle_ns: 440795210634 ns
[    0.000002] sched_clock: 56 bits at 200MHz, resolution 5ns, wraps every 4398046511102ns
[    0.008377] Console: colour dummy device 80x25
[    0.012938] Calibrating delay loop (skipped), value calculated using timer frequency.. 400.00 BogoMIPS (lpj=800000)
[    0.023607] pid_max: default: 32768 minimum: 301
[    0.028349] Security Framework initialized
[    0.032555] Mount-cache hash table entries: 8192 (order: 0, 65536 bytes)
[    0.039413] Mountpoint-cache hash table entries: 8192 (order: 0, 65536 bytes)
[    0.070765] ASID allocator initialised with 32768 entries
[    0.084294] rcu: Hierarchical SRCU implementation.
[    0.097261] Platform MSI: gic-its@1820000 domain created
[    0.102889] PCI/MSI: /interconnect@100000/interrupt-controller@1800000/gic-its@1820000 domain created
[    0.120325] smp: Bringing up secondary CPUs ...
[    0.157252] Detected PIPT I-cache on CPU1
[    0.157274] GICv3: CPU1: found redistributor 1 region 0:0x0000000001920000
[    0.157305] CPU1: using LPI pending table @0x00000008c0310000
[    0.157336] CPU1: Booted secondary processor 0x0000000001 [0x411fd080]
[    0.157393] smp: Brought up 1 node, 2 CPUs
[    0.185233] SMP: Total of 2 processors activated.
[    0.190044] CPU features: detected: GIC system register CPU interface
[    0.196625] CPU features: detected: 32-bit EL0 Support
[    0.202129] CPU: All CPU(s) started at EL2
[    0.206317] alternatives: patching kernel code
[    0.211420] devtmpfs: initialized
[    0.219958] clocksource: jiffies: mask: 0xffffffff max_cycles: 0xffffffff, max_idle_ns: 7645041785100000 ns
[    0.229928] futex hash table entries: 512 (order: -1, 32768 bytes)
[    0.236369] pinctrl core: initialized pinctrl subsystem
[    0.242100] NET: Registered protocol family 16
[    0.247000] vdso: 2 pages (1 code @ (____ptrval____), 1 data @ (____ptrval____))
[    0.254563] hw-breakpoint: found 6 breakpoint and 4 watchpoint registers.
[    0.261659] DMA: preallocated 256 KiB pool for atomic allocations
[    0.275151] HugeTLB registered 2.00 MiB page size, pre-allocated 0 pages
[    0.282007] HugeTLB registered 512 MiB page size, pre-allocated 0 pages
[    0.289494] cryptd: max_cpu_qlen set to 1000
[    0.294481] vsys_3v3: supplied by evm_12v0
[    0.298753] vsys_5v0: supplied by evm_12v0
[    0.303300] SCSI subsystem initialized
[    0.307353] media: Linux media interface: v0.10
[    0.311988] videodev: Linux video capture interface: v2.00
[    0.317602] pps_core: LinuxPPS API ver. 1 registered
[    0.322671] pps_core: Software ver. 5.3.6 - Copyright 2005-2007 Rodolfo Giometti <giometti@linux.it>
[    0.332008] PTP clock support registered
[    0.336018] EDAC MC: Ver: 3.0.0
[    0.339896] Advanced Linux Sound Architecture Driver Initialized.
[    0.346523] clocksource: Switched to clocksource arch_sys_counter
[    0.352836] VFS: Disk quotas dquot_6.6.0
[    0.356877] VFS: Dquot-cache hash table entries: 8192 (order 0, 65536 bytes)
[    0.366498] NET: Registered protocol family 2
[    0.371272] tcp_listen_portaddr_hash hash table entries: 4096 (order: 0, 65536 bytes)
[    0.379327] TCP established hash table entries: 32768 (order: 2, 262144 bytes)
[    0.386811] TCP bind hash table entries: 32768 (order: 3, 524288 bytes)
[    0.394067] TCP: Hash tables configured (established 32768 bind 32768)
[    0.400804] UDP hash table entries: 2048 (order: 0, 65536 bytes)
[    0.406991] UDP-Lite hash table entries: 2048 (order: 0, 65536 bytes)
[    0.413685] NET: Registered protocol family 1
[    0.418369] RPC: Registered named UNIX socket transport module.
[    0.424425] RPC: Registered udp transport module.
[    0.429229] RPC: Registered tcp transport module.
[    0.434032] RPC: Registered tcp NFSv4.1 backchannel transport module.
[    0.440946] hw perfevents: enabled with armv8_pmuv3 PMU driver, 7 counters available
[    0.450632] Initialise system trusted keyrings
[    0.455241] workingset: timestamp_bits=46 max_order=16 bucket_order=0
[    0.463378] squashfs: version 4.0 (2009/01/31) Phillip Lougher
[    0.469598] NFS: Registering the id_resolver key type
[    0.474768] Key type id_resolver registered
[    0.479041] Key type id_legacy registered
[    0.483138] nfs4filelayout_init: NFSv4 File Layout Driver Registering...
[    0.490068] 9p: Installing v9fs 9p2000 file system support
[    0.497176] Key type asymmetric registered
[    0.501365] Asymmetric key parser 'x509' registered
[    0.506373] Block layer SCSI generic (bsg) driver version 0.4 loaded (major 245)
[    0.513933] io scheduler noop registered
[    0.517939] io scheduler deadline registered
[    0.522350] io scheduler cfq registered (default)
[    0.527157] io scheduler mq-deadline registered
[    0.531784] io scheduler kyber registered
[    0.536722] pinctrl-single 4301c000.pinmux: 94 pins, size 376
[    0.542834] pinctrl-single 11c000.pinmux: 173 pins, size 692
[    0.548991] pinctrl-single a40000.timesync_router: 512 pins, size 2048
[    0.558138] ti-pat 31010000.pat: Found PAT Rev 1.0 with 16384 pages
[    0.564570] ti-pat 31010000.pat: Failed to create 31010000.pat debugfs directory
[    0.572264] ti-pat 31011000.pat: Found PAT Rev 1.0 with 16384 pages
[    0.578676] ti-pat 31011000.pat: Failed to create 31011000.pat debugfs directory
[    0.586310] ti-pat 31012000.pat: Found PAT Rev 1.0 with 16384 pages
[    0.592722] ti-pat 31012000.pat: Failed to create 31012000.pat debugfs directory
[    0.600355] ti-pat 31013000.pat: Found PAT Rev 1.0 with 2048 pages
[    0.606677] ti-pat 31013000.pat: Failed to create 31013000.pat debugfs directory
[    0.614311] ti-pat 31014000.pat: Found PAT Rev 1.0 with 2048 pages
[    0.620635] ti-pat 31014000.pat: Failed to create 31014000.pat debugfs directory
[    0.629557] Serial: 8250/16550 driver, 10 ports, IRQ sharing enabled
[    0.637402] panel-simple dummy-panel: dummy-panel supply power not found, using dummy regulator
[    0.646338] panel-simple dummy-panel: Linked as a consumer to regulator.0
[    0.656968] brd: module loaded
[    0.662968] loop: module loaded
[    0.667460] libphy: Fixed MDIO Bus: probed
[    0.671801] tun: Universal TUN/TAP device driver, 1.6
[    0.677218] igbvf: Intel(R) Gigabit Virtual Function Network Driver - version 2.4.0-k
[    0.685226] igbvf: Copyright (c) 2009 - 2012 Intel Corporation.
[    0.691290] sky2: driver version 1.30
[    0.695601] VFIO - User Level meta-driver version: 0.3
[    0.701200] i2c /dev entries driver
[    0.705237] sdhci: Secure Digital Host Controller Interface driver
[    0.711552] sdhci: Copyright(c) Pierre Ossman
[    0.716197] sdhci-pltfm: SDHCI platform and OF driver helper
[    0.722424] ledtrig-cpu: registered to indicate activity on CPUs
[    0.796349] optee: probing for conduit method from DT.
[    0.801622] optee: revision 3.6 (e5a8779a)
[    0.801739] optee: initialized driver
[    0.810410] NET: Registered protocol family 17
[    0.815028] 9pnet: Installing 9P2000 support
[    0.819414] Key type dns_resolver registered
[    0.824012] registered taskstats version 1
[    0.828197] Loading compiled-in X.509 certificates
[    0.837315] ti-sci 44083000.dmsc: ABI: 2.6 (firmware rev 0x0013 '19.8.0-v2019.08 (Terrific Llama')
[    0.862934] random: fast init done
[    0.904038] omap_i2c 40b00000.i2c: bus 0 rev0.12 at 100 kHz
[    0.909973] omap_i2c 40b10000.i2c: bus 1 rev0.12 at 100 kHz
[    0.916123] palmas 2-0058: IRQ missing: skipping irq request
[    0.942782] palmas 2-0058: Muxing GPIO 5d, PWM 0, LED 0
[    0.948703] SMPS3: supplied by regulator-dummy
[    0.953979] SMPS4: supplied by regulator-dummy
[    0.959223] SMPS5: supplied by regulator-dummy
[    0.964452] SMPS12: supplied by regulator-dummy
[    0.969732] LDO1: supplied by vsys_3v3
[    0.973960] ldo1: Bringing 900000uV into 1800000-1800000uV
[    0.981777] LDO2: supplied by regulator-dummy
[    0.986678] ldo2: Bringing 900000uV into 3300000-3300000uV
[    0.995350] LDO3: supplied by regulator-dummy
[    1.000233] LDO4: supplied by regulator-dummy
[    1.005113] LDO5: supplied by regulator-dummy
[    1.010108] omap_i2c 42120000.i2c: bus 2 rev0.12 at 400 kHz
[    1.016225] pca953x 3-0020: 3-0020 supply vcc not found, using dummy regulator
[    1.023632] pca953x 3-0020: Linked as a consumer to regulator.0
[    1.051067] pca953x 3-0022: 3-0022 supply vcc not found, using dummy regulator
[    1.058466] pca953x 3-0022: Linked as a consumer to regulator.0
[    1.065341] GPIO line 481 (MCASP/TRACE_MUX_S0) hogged as output/low
[    1.072064] GPIO line 482 (MCASP/TRACE_MUX_S1) hogged as output/high
[    1.078623] omap_i2c 2000000.i2c: bus 3 rev0.12 at 400 kHz
[    1.084559] omap_i2c 2020000.i2c: bus 4 rev0.12 at 100 kHz
[    1.090499] pca953x 5-0020: 5-0020 supply vcc not found, using dummy regulator
[    1.097906] pca953x 5-0020: Linked as a consumer to regulator.0
[    1.127186] GPIO line 464 (CODEC_RSTz) hogged as output/high
[    1.133096] omap_i2c 2030000.i2c: bus 5 rev0.12 at 400 kHz
[    1.139002] omap_i2c 2040000.i2c: bus 6 rev0.12 at 100 kHz
[    1.144864] omap_i2c 2050000.i2c: bus 7 rev0.12 at 100 kHz
[    1.159627] cdns-pcie-host d000000.pcie: missing "mem"
[    1.165250] cdns-pcie-host d000000.pcie: Linked as a consumer to phy-5000000.serdes.0
[    2.174628] cdns-pcie-host d000000.pcie: Phy link never came up
[    2.180681] cdns-pcie-host d000000.pcie: host bridge /interconnect@100000/pcie@2900000/pcie@d000000 ranges:
[    2.190652] cdns-pcie-host d000000.pcie:    IO 0x10001000..0x10010fff -> 0x10001000
[    2.198484] cdns-pcie-host d000000.pcie:   MEM 0x10011000..0x17ffffff -> 0x10011000
[    2.206373] cdns-pcie-host d000000.pcie: PCI host bridge to bus 0000:00
[    2.213135] pci_bus 0000:00: root bus resource [bus 00-0f]
[    2.218743] pci_bus 0000:00: root bus resource [io  0x0000-0xffff] (bus address [0x10001000-0x10010fff])
[    2.228434] pci_bus 0000:00: root bus resource [mem 0x10011000-0x17ffffff]
[    2.235490] pci_bus 0000:00: 2-byte config write to 0000:00:00.0 offset 0x4 may corrupt adjacent RW1C bits
[    2.245360] pci_bus 0000:00: 2-byte config write to 0000:00:00.0 offset 0x4 may corrupt adjacent RW1C bits
[    2.255254] pci_bus 0000:00: 2-byte config write to 0000:00:00.0 offset 0x92 may corrupt adjacent RW1C bits
[    2.265215] pci_bus 0000:00: 2-byte config write to 0000:00:00.0 offset 0xb2 may corrupt adjacent RW1C bits
[    2.275204] pci_bus 0000:00: 2-byte config write to 0000:00:00.0 offset 0x84 may corrupt adjacent RW1C bits
[    2.287161] pci 0000:00:00.0: bridge configuration invalid ([bus 00-00]), reconfiguring
[    2.295344] pci_bus 0000:00: 2-byte config write to 0000:00:00.0 offset 0x3e may corrupt adjacent RW1C bits
[    2.305303] pci_bus 0000:00: 2-byte config write to 0000:00:00.0 offset 0x3e may corrupt adjacent RW1C bits
[    2.315262] pci_bus 0000:00: 2-byte config write to 0000:00:00.0 offset 0x3e may corrupt adjacent RW1C bits
[    2.325221] pci_bus 0000:00: 2-byte config write to 0000:00:00.0 offset 0x6 may corrupt adjacent RW1C bits
[    2.336809] pci_bus 0000:00: 1-byte config write to 0000:00:00.0 offset 0x1a may corrupt adjacent RW1C bits
[    2.346782] pci 0000:00:00.0: PCI bridge to [bus 01]
[    2.352284] cdns-pcie-host d800000.pcie: missing "mem"
[    2.357884] cdns-pcie-host d800000.pcie: Linked as a consumer to phy-5010000.serdes.1
[    3.367265] cdns-pcie-host d800000.pcie: Phy link never came up
[    3.373319] cdns-pcie-host d800000.pcie: host bridge /interconnect@100000/pcie@2910000/pcie@d800000 ranges:
[    3.383289] cdns-pcie-host d800000.pcie:    IO 0x18001000..0x18010fff -> 0x18001000
[    3.391120] cdns-pcie-host d800000.pcie:   MEM 0x18011000..0x1fffffff -> 0x18011000
[    3.399008] cdns-pcie-host d800000.pcie: PCI host bridge to bus 0001:00
[    3.405770] pci_bus 0001:00: root bus resource [bus 00-0f]
[    3.411375] pci_bus 0001:00: root bus resource [io  0x10000-0x1ffff] (bus address [0x18001000-0x18010fff])
[    3.421244] pci_bus 0001:00: root bus resource [mem 0x18011000-0x1fffffff]
[    3.430162] pci 0001:00:00.0: bridge configuration invalid ([bus 00-00]), reconfiguring
[    3.440253] pci 0001:00:00.0: PCI bridge to [bus 01]
[    3.445736] cdns-pcie-host e000000.pcie: missing "mem"
[    3.451335] cdns-pcie-host e000000.pcie: Linked as a consumer to phy-5020000.serdes.2
[    4.460717] cdns-pcie-host e000000.pcie: Phy link never came up
[    4.466771] cdns-pcie-host e000000.pcie: host bridge /interconnect@100000/pcie@2920000/pcie@e000000 ranges:
[    4.476740] cdns-pcie-host e000000.pcie:    IO 0x4400001000..0x4400010fff -> 0x00001000
[    4.484926] cdns-pcie-host e000000.pcie:   MEM 0x4400011000..0x4407ffffff -> 0x00011000
[    4.493163] cdns-pcie-host e000000.pcie: PCI host bridge to bus 0002:00
[    4.499925] pci_bus 0002:00: root bus resource [bus 00-0f]
[    4.505530] pci_bus 0002:00: root bus resource [io  0x20000-0x2ffff] (bus address [0x1000-0x10fff])
[    4.514777] pci_bus 0002:00: root bus resource [mem 0x4400011000-0x4407ffffff] (bus address [0x00011000-0x07ffffff])
[    4.527414] pci 0002:00:00.0: bridge configuration invalid ([bus 00-00]), reconfiguring
[    4.537312] pci 0002:00:00.0: PCI bridge to [bus 01]
[    4.542854] k3-ringacc 2b800000.ringacc: Ring Accelerator probed rings:286, gp-rings[96,20] sci-dev-id:235
[    4.552729] k3-ringacc 2b800000.ringacc: dma-ring-reset-quirk: disabled
[    4.559489] k3-ringacc 2b800000.ringacc: RA Proxy rev. 66346100, num_proxies:64
[    4.567148] k3-ringacc 3c000000.ringacc: Ring Accelerator probed rings:1024, gp-rings[440,150] sci-dev-id:211
[    4.577286] k3-ringacc 3c000000.ringacc: dma-ring-reset-quirk: disabled
[    4.584045] k3-ringacc 3c000000.ringacc: RA Proxy rev. 66346100, num_proxies:64
[    4.591663] omap8250 40a00000.serial: PM domain pd:149 will not be powered off
[    4.599219] 40a00000.serial: ttyS1 at MMIO 0x40a00000 (irq = 7, base_baud = 6000000) is a 8250
[    4.608354] 2800000.serial: ttyS2 at MMIO 0x2800000 (irq = 17, base_baud = 3000000) is a 8250
[    4.617094] console [ttyS2] enabled
[    4.617094] console [ttyS2] enabled
[    4.624127] bootconsole [ns16550a0] disabled
[    4.624127] bootconsole [ns16550a0] disabled
[    4.633061] 2810000.serial: ttyS3 at MMIO 0x2810000 (irq = 18, base_baud = 3000000) is a 8250
[    4.641870] 2840000.serial: ttyS6 at MMIO 0x2840000 (irq = 19, base_baud = 3000000) is a 8250
[    4.650615] arm-smmu-v3 36600000.smmu: ias 48-bit, oas 48-bit (features 0x00001faf)
[    4.659296] arm-smmu-v3 36600000.smmu: msi_domain absent - falling back to wired irqs
[    4.668122] tidss 4a00000.dss: dispc7_wb_find_free_ovr: No OVR available for WB, disabling WB.
[    4.676728] [drm] Supports vblank timestamp caching Rev 2 (21.10.2013).
[    4.683325] [drm] No driver support for vblank timestamp query.
[    4.690661] [drm] Initialized tidss 1.0.0 20180215 for 4a00000.dss on minor 0
[    4.751956] Console: switching to colour frame buffer device 240x67
[    4.774529] tidss 4a00000.dss: fb0: DRM emulated frame buffer device
[    4.785475] cdns-ufshcd 4e84000.ufs: ufshcd_populate_vreg: Unable to find vdd-hba-supply regulator, assuming enabled
[    4.795980] cdns-ufshcd 4e84000.ufs: ufshcd_populate_vreg: Unable to find vcc-supply regulator, assuming enabled
[    4.806132] cdns-ufshcd 4e84000.ufs: ufshcd_populate_vreg: Unable to find vccq-supply regulator, assuming enabled
[    4.816371] cdns-ufshcd 4e84000.ufs: ufshcd_populate_vreg: Unable to find vccq2-supply regulator, assuming enabled
[    4.827152] scsi host0: ufshcd
[    4.839094] cadence-qspi 47050000.spi: n25q512a (65536 Kbytes)
[    4.856047] cdns-ufshcd 4e84000.ufs: ufshcd_print_pwr_info:[RX, TX]: gear=[1, 1], lane[1, 1], pwr[SLOWAUTO_MODE, SLOWAUTO_MODE], rate = 0
[    4.858658] cadence-qspi 47050000.spi: Cadence QSPI NOR probe failed -517
[    4.875995] 47034000.hyperbus: Found 1 x16 devices at 0x0 in 16-bit bank. Manufacturer ID 0x000001 Chip ID 0x007000
[    4.886416] Amd/Fujitsu Extended Query Table at 0x0040
[    4.888586] cdns-ufshcd 4e84000.ufs: ufshcd_print_pwr_info:[RX, TX]: gear=[3, 3], lane[2, 2], pwr[FAST MODE, FAST MODE], rate = 2
[    4.891569]   Amd/Fujitsu Extended Query version 1.5.
[    4.903221] cdns-ufshcd 4e84000.ufs: ufshcd_find_max_sup_active_icc_level: Regulator capability was not set, actvIccLevel=0
[    4.908218] 47034000.hyperbus: CFI contains unrecognised boot bank location (0). Assuming bottom.
[    4.919480] scsi 0:0:0:49488: Well-known LUN    TOSHIBA  THGAF8G8T23BAILB 0300 PQ: 0 ANSI: 6
[    4.928174] number of CFI chips: 1
[    4.936946] scsi 0:0:0:49476: Well-known LUN    TOSHIBA  THGAF8G8T23BAILB 0300 PQ: 0 ANSI: 6
[    4.939984] 6 cmdlinepart partitions found on MTD device 47034000.hyperbus
[    4.939986] Creating 6 MTD partitions on "47034000.hyperbus":
[    4.948673] cdns-ufshcd 4e84000.ufs: ufshcd_scsi_add_wlus: BOOT WLUN not found
[    4.955260] 0x000000000000-0x000000080000 : "hbmc.tiboot3"
[    4.955518] 0x000000080000-0x000000280000 : "hbmc.tispl"
[    4.979195] 0x000000280000-0x000000680000 : "hbmc.u-boot"
[    4.984771] 0x000000680000-0x0000006c0000 : "hbmc.env"
[    4.990101] 0x0000006c0000-0x0000007c0000 : "hbmc.sysfw"
[    4.995624] 0x000000800000-0x000004000000 : "hbmc.rootfs"
[    5.001621] am65-cpsw-nuss 46000000.ethernet: rx-flow-id-base is not set -22
[    5.008692] am65-cpsw-nuss 46000000.ethernet: initializing am65 cpsw nuss version 0x6BA00101, cpsw version 0x6BA80100 Ports: 2
[    5.020097] UDMA has not been proped
[    5.023664] am65-cpsw-nuss 46000000.ethernet: Failed to request tx dma channel -517
[    5.032178] am65-cpts 310d0000.cpts: CPTS ver 0x4e8a010a, freq:200000000, add_val:4 pps:0
[    5.040724] mmc0: Unknown controller version (4). You may experience problems.
[    5.047958] mmc0: CQHCI version 5.10
[    5.082272] mmc0: SDHCI controller on 4f80000.sdhci [4f80000.sdhci] using ADMA 64-bit
[    5.090449] sdhci-am654 4fb0000.sdhci: Linked as a consumer to regulator.8
[    5.097443] sdhci-am654 4fb0000.sdhci: Dropping the link to regulator.8
[    5.110113] vdd_mmc1: supplied by vsys_3v3
[    5.114776] omap-mailbox 31f80000.mailbox: omap mailbox rev 0x66fc7100
[    5.121732] omap-mailbox 31f81000.mailbox: omap mailbox rev 0x66fc7100
[    5.128598] omap-mailbox 31f82000.mailbox: omap mailbox rev 0x66fc7100
[    5.135494] omap-mailbox 31f83000.mailbox: omap mailbox rev 0x66fc7100
[    5.142343] omap-mailbox 31f84000.mailbox: omap mailbox rev 0x66fc7100
[    5.171617] mmc0: Command Queue Engine enabled
[    5.176062] mmc0: new HS400 MMC card at address 0001
[    5.181495] mmcblk0: mmc0:0001 S0J56X 14.8 GiB 
[    5.186330] mmcblk0boot0: mmc0:0001 S0J56X partition 1 31.5 MiB
[    5.192568] mmcblk0boot1: mmc0:0001 S0J56X partition 2 31.5 MiB
[    5.198585] mmcblk0rpmb: mmc0:0001 S0J56X partition 3 4.00 MiB, chardev (242:0)
[    5.460326] ti-udma 285c0000.udmap: Channels: 24 (tchan: 48, echan: 0, rchan: 48, rflow: 96)
[    5.469943] ti-udma 31150000.udmap: Channels: 84 (tchan: 140, echan: 160, rchan: 140, rflow: 300)
[    5.480597] cadence-qspi 47050000.spi: n25q512a (65536 Kbytes)
[    5.488514] am65-cpsw-nuss 46000000.ethernet: rx-flow-id-base is not set -22
[    5.495582] am65-cpsw-nuss 46000000.ethernet: initializing am65 cpsw nuss version 0x6BA00101, cpsw version 0x6BA80100 Ports: 2
[    5.512725] am65-cpsw-nuss 46000000.ethernet: set new flow-id-base 48
[    5.523129] pps pps0: new PPS source ptp1
[    5.527228] am65-cpsw-nuss 46000000.ethernet: CPTS ver 0x4e8a010a, freq:500000000, add_val:1 pps:1
[    5.536173] am65-cpsw-nuss 46000000.ethernet: initialized cpsw ale version 0.4
[    5.543378] am65-cpsw-nuss 46000000.ethernet: ALE Table size 64
[    5.586531] am65-cpsw-nuss 46000000.ethernet: davinci mdio revision 9.7, bus freq 1000000
[    5.594692] libphy: 46000000.ethernet: probed
[    5.600431] sdhci-am654 4fb0000.sdhci: Linked as a consumer to regulator.16
[    5.607408] sdhci-am654 4fb0000.sdhci: Linked as a consumer to regulator.8
[    5.614298] mmc1: Unknown controller version (4). You may experience problems.
[    5.621742] mmc1: CQHCI version 5.10
[    5.657657] mmc1: SDHCI controller on 4fb0000.sdhci [4fb0000.sdhci] using ADMA 64-bit
[    5.674109] input: gpio-keys as /devices/platform/gpio-keys/input/input0
[    5.680957] hctosys: unable to open rtc device (rtc0)
[    5.706697] vdd_mmc1: disabling
[    5.709832] ALSA device list:
[    5.712794]   No soundcards found.
[    5.716454] Waiting for root device PARTUUID=c5671e41-02...
[    7.080056] mmc1: new ultra high speed DDR50 SDHC card at address e624
[    7.087198] mmcblk1: mmc1:e624 SL32G 29.7 GiB 
[    7.101358]  mmcblk1: p1 p2
[    7.479308] EXT4-fs (mmcblk1p2): recovery complete
[    7.485150] EXT4-fs (mmcblk1p2): mounted filesystem with ordered data mode. Opts: (null)
[    7.493251] VFS: Mounted root (ext4 filesystem) on device 179:98.
[    7.503131] devtmpfs: mounted
[    7.506233] Freeing unused kernel memory: 576K
[    7.510689] Run /sbin/init as init process
[    7.683489] systemd[1]: System time before build time, advancing clock.
[    7.740176] NET: Registered protocol family 10
[    7.745056] Segment Routing with IPv6
[    7.765676] systemd[1]: systemd 239 running in system mode. (+PAM -AUDIT -SELINUX +IMA -APPARMOR +SMACK +SYSVINIT +UTMP -LIBCRYPTSETUP -GCRYPT -GNUTLS +ACL +XZ -LZ4 -SECCOMP +BLKID -ELFUTILS +KMOD -IDN2 -IDN -PCRE2 default-hierarchy=hybrid)
[    7.787159] systemd[1]: Detected architecture arm64.

Welcome to Arago 2019.09!

[    7.817308] systemd[1]: Set hostname to <j7-evm>.
[    7.926639] systemd[1]: Configuration file /lib/systemd/system/local-fs.target is marked executable. Please remove executable permission bits. Proceeding anyway.
[    7.941060] systemd[1]: Configuration file /lib/systemd/system/local-fs.target is marked world-writable. Please remove world writability permission bits. Proceeding anyway.
[    7.961216] systemd[1]: Configuration file /lib/systemd/system/swap.target is marked executable. Please remove executable permission bits. Proceeding anyway.
[    7.975303] systemd[1]: Configuration file /lib/systemd/system/swap.target is marked world-writable. Please remove world writability permission bits. Proceeding anyway.
[    7.993001] systemd[1]: Configuration file /lib/systemd/system/umount.target is marked executable. Please remove executable permission bits. Proceeding anyway.
[    8.007240] systemd[1]: Configuration file /lib/systemd/system/umount.target is marked world-writable. Please remove world writability permission bits. Proceeding anyway.
[    8.025023] systemd[1]: Configuration file /lib/systemd/system/systemd-journald.socket is marked executable. Please remove executable permission bits. Proceeding anyway.
[    8.145635] random: systemd: uninitialized urandom read (16 bytes read)
[  OK  ] Started Dispatch Password Requests to Console Directory Watch.
[    8.162592] random: systemd: uninitialized urandom read (16 bytes read)
[  OK  ] Listening on Journal Socket (/dev/log).
[    8.178579] random: systemd: uninitialized urandom read (16 bytes read)
[  OK  ] Reached target Swap.
[  OK  ] Listening on Network Service Netlink Socket.
[  OK  ] Listening on udev Control Socket.
[  OK  ] Created slice User and Session Slice.
[  OK  ] Started Forward Password Requests to Wall Directory Watch.
[  OK  ] Reached target Paths.
[  OK  ] Reached target Remote File Systems.
[  OK  ] Created slice system-getty.slice.
[  OK  ] Listening on udev Kernel Socket.
[  OK  ] Listening on Journal Socket.
         Starting udev Coldplug all Devices...
         Starting Create list of required st…ce nodes for the current kernel...
         Starting Load Kernel Modules...
[    8.362359] cmemk: loading out-of-tree module taints kernel.
         Mounting Kernel Debug File System...
[    8.373133] CMEMK module: reference Linux version 4.19.73
[    8.382057] no physical memory specified
         Mounting POSIX Message Queue File System...
[    8.387443] cmemk initialized
[  OK  ] Started Hardware RNG Entropy Gatherer Daemon.
[    8.406972] cryptodev: driver 1.9 loaded.
         Mounting Temporary Directory (/tmp)...
[  OK  ] Reached target Slices.
         Mounting Huge Pages File System...
[  OK  ] Listening on initctl Compatibility Named Pipe.
[  OK  ] Listening on Process Core Dump Socket.
         Starting Journal Service...
[  OK  ] Created slice system-serial\x2dgetty.slice.
         Starting Remount Root and Kernel File Systems...
[    8.572189] EXT4-fs (mmcblk1p2): re-mounted. Opts: (null)
[  OK  ] Started Journal Service.
[  OK  ] Started Create list of required sta…vice nodes for the current kernel.
[  OK  ] Started Load Kernel Modules.
[  OK  ] Mounted Kernel Debug File System.
[  OK  ] Mounted POSIX Message Queue File System.
[  OK  ] Mounted Temporary Directory (/tmp).
[  OK  ] Mounted Huge Pages File System.
[  OK  ] Started Remount Root and Kernel File Systems.
[  OK  ] Started udev Coldplug all Devices.
         Starting Apply Kernel Variables...
         Mounting Kernel Configuration File System...
         Starting Create Static Device Nodes in /dev...
         Starting Flush Journal to Persistent Storage...
[  OK  ] Started Apply Kernel Variables.
[  OK  ] Mounted Kernel Configuration File System.
[  OK  ] Started Create Static Device Nodes in /dev.
         Starting udev Kernel Device Manager...
[  OK  ] Reached target Local File Systems (Pre).
[  OK  ] Reached target Containers.
         Mounting /var/volatile...
         Mounting /media/ram...
[  OK  ] Started udev Kernel Device Manager.
[  OK  ] Mounted /var/volatile.
[  OK  ] Mounted /media/ram.
[    8.935192] systemd-journald[154]: Received request to flush runtime journal from PID 1
         Starting Load/Save Random Seed...
[  OK  ] Reached target Local File Systems.
[  OK  ] Started Flush Journal to Persistent Storage.
[  OK  ] Started Load/Save Random Seed.
         Starting Create Volatile Files and Directories...
[  OK  ] Started Create Volatile Files and Directories.
         Starting Network Time Synchronization...
         Starting Update UTMP about System Boot/Shutdown...
         Starting Network Service...
[  OK  ] Started Update UTMP about System Boot/Shutdown.
[  OK  ] Found device /dev/ttyS2.
[  OK  ] Started Network Service.
[    9.140385] pcm3168a 5-0044: Linked as a consumer to regulator.2
         Starting Wait for Network to be Configured...
[    9.203555] iommu: Adding device 0000:00:00.0 to group 0
[    9.210380] pcm3168a 5-0044: Linked as a consumer to regulator.3
[    9.220592] pci-endpoint-test 0000:00:00.0: of_irq_parse_pci: failed with rc=-22
         Starting Network Name Resolution...
[    9.237455] pci_generic_config_write32: 29 callbacks suppressed
[    9.237462] pci_bus 0000:00: 1-byte config write to 0000:00:00.0 offset 0x3c may corrupt adjacent RW1C bits
[  OK  ] Started Network Time Synchronization.
[  OK  ] Reached target System Initialization.
[    9.285048] k3-dsp-rproc 4d80800000.dsp: assigned reserved memory node c66-dma-memory@a7000000
[  OK  ] Listening on dropbear.socket.
[    9.294133] k3-dsp-rproc 4d80800000.dsp: configured DSP for IPC-only mode
[    9.305998] iommu: Adding device 0001:00:00.0 to group 1
         Starting Reboot and dump vmcore via kexec...
[    9.320295] remoteproc remoteproc0: 4d80800000.dsp is available
[  OK  ] Listening on Avahi mDNS/DNS-SD Stack Activation Socket.
[    9.348877] pci-endpoint-test 0001:00:00.0: of_irq_parse_pci: failed with rc=-22
[  OK  ] Listening on D-Bus System Message Bus Socket.
[  OK  ] Listening on RPCbind Server Activation Socket.
[  OK  ] Reached target Sockets.
[    9.381697] img_enc 4200000.video-encoder: vxe_init_mem: adding heap of type 1
[    9.390176] pci_bus 0001:00: 1-byte config write to 0001:00:00.0 offset 0x3c may corrupt adjacent RW1C bits
[  OK  ] Started Daily Cleanup of Temporary Directorie[    9.404194] k3-dsp-rproc 4d81800000.dsp: assigned reserved memory node c66-dma-memory@a6000000
s.
[    9.425706] img_enc 4200000.video-encoder: vxe_init_mem: using heap 1 for internal alloc
[  OK  ] Reached target Basic System.
[    9.436590] iommu: Adding device 0002:00:00.0 to group 2
[    9.447547] k3-dsp-rproc 4d81800000.dsp: configured DSP for IPC-only mode
         Starting Print notice about GPLv3 packages...
[  OK  ] Started irqbalance daemon.
[    9.474340] pci-endpoint-test 0002:00:00.0: of_irq_parse_pci: failed with rc=-22
[    9.484856] remoteproc remoteproc1: 4d81800000.dsp is available
         Starting RPC Bind Service...
[  OK  ] Started Periodic Command Scheduler.
[    9.528066] k3-dsp-rproc 64800000.dsp: assigned reserved memory node c71-dma-memory@a8000000
[    9.528425] img_enc 4200000.video-encoder: encoder registered as /dev/video0
         [    9.544288] pci_bus 0002:00: 1-byte config write to 0002:00:00.0 offset 0x3c may corrupt adjacent RW1C bits
Starting Login Service...
[  OK  ] Started D-Bus System Message Bus.
[    9.563864] k3-dsp-rproc 64800000.dsp: configured DSP for IPC-only mode
[    9.575095] remoteproc remoteproc2: 64800000.dsp is available
[  OK  ] Started TEE Supplicant.
[  OK  ] Started Job spooling tools.
         Starting rc.pvr.service...
[  OK  ] Reached target System Time Synchronized.
[  OK  ] Started Daily rotation of log files.
[  OK  ] Reached target Timers.
[  OK  ] Started Network Name Resolution.
[  OK  ] Started Reboot and dump vmcore via kexec.
         Starting Avahi mDNS/DNS-SD Stack...
[  OK  ] Reached target Host and Network Name Lookups.
[  OK  ] Reached target Network.
         Starting Lightning Fast Webserver With Light System Requirements...
         Starting Permit User Sessions...
[    9.819303] remoteproc remoteproc0: powering up 4d80800000.dsp
[    9.825257] remoteproc remoteproc0: Booting fw image j7-c66_0-fw, size 8911840
[    9.840981] k3-dsp-rproc 4d80800000.dsp: DSP initialized in IPC-only mode
[    9.852774] virtio_rpmsg_bus virtio0: rpmsg host is online
[    9.855956] virtio_rpmsg_bus virtio0: creating channel rpmsg_chrdev addr 0xd
[    9.863381] remoteproc remoteproc0: registered virtio0 (type 7)
[    9.875157] remoteproc remoteproc0: remote processor 4d80800000.dsp is now up
[    9.892501] ntb_hw_epf 0000:00:00.0: of_irq_parse_pci: failed with rc=-22
[    9.901479] pci_bus 0000:00: 1-byte config write to 0000:00:00.0 offset 0x3c may corrupt adjacent RW1C bits
[    9.916938] pci_bus 0000:00: 2-byte config write to 0000:00:00.0 offset 0x4 may corrupt adjacent RW1C bits
[    9.931295] ntb_hw_epf 0000:00:00.0: Cannot set DMA mask
[    9.941371] pci_bus 0000:00: 2-byte config write to 0000:00:00.0 offset 0x4 may corrupt adjacent RW1C bits
[    9.961745] ntb_hw_epf 0000:00:00.0: Failed to init PCI
[    9.970251] ntb_hw_epf: probe of 0000:00:00.0 failed with error -5
[    9.979216] ntb_hw_epf 0001:00:00.0: of_irq_parse_pci: failed with rc=-22
[    9.989038] pci_bus 0001:00: 1-byte config write to 0001:00:00.0 offset 0x3c may corrupt adjacent RW1C bits
[   10.005107] pci_bus 0001:00: 2-byte config write to 0001:00:00.0 offset 0x4 may corrupt adjacent RW1C bits
[   10.021115] ntb_hw_epf 0001:00:00.0: Cannot set DMA mask
[   10.047131] pci_bus 0001:00: 2-byte config write to 0001:00:00.0 offset 0x4 may corrupt adjacent RW1C bits
[   10.106863] ntb_hw_epf 0001:00:00.0: Failed to init PCI
[   10.114446] ntb_hw_epf: probe of 0001:00:00.0 failed with error -5
[   10.122002] ntb_hw_epf 0002:00:00.0: of_irq_parse_pci: failed with rc=-22
[   10.129894] pci_bus 0002:00: 1-byte config write to 0002:00:00.0 offset 0x3c may corrupt adjacent RW1C bits
[   10.140960] pvrsrvkm 4e20000000.gpu: Linked as a consumer to genpd:0:4e20000000.gpu
[   10.148843] pvrsrvkm 4e20000000.gpu: Linked as a consumer to genpd:1:4e20000000.gpu
[   10.159076] PVR_K:  315: Read BVNC 22.104.208.318 from HW device registers
[   10.167228] ntb_hw_epf 0002:00:00.0: Cannot set DMA mask
[   10.173505] PVR_K:  315: RGX Device initialised with BVNC 22.104.208.318
[   10.181182] ntb_hw_epf 0002:00:00.0: Failed to init PCI
[   10.188491] ntb_hw_epf: probe of 0002:00:00.0 failed with error -5
[   10.194755] [drm] Initialized pvr 1.10.5371573 20170530 for 4e20000000.gpu on minor 1
[   10.271317] k3_r5_rproc interconnect@100000:interconnect@28380000:r5fss@41000000: creating child devices for R5F cores
[   10.294477] platform 41000000.r5f: configured R5F for remoteproc mode
[   10.314948] platform 41000000.r5f: assigned reserved memory node r5f-dma-memory@a0000000
[   10.326764] remoteproc remoteproc3: 41000000.r5f is available
[   10.337360] remoteproc remoteproc1: powering up 4d81800000.dsp
[   10.344841] remoteproc remoteproc1: Booting fw image j7-c66_1-fw, size 8910836
[   10.357078] k3-dsp-rproc 4d81800000.dsp: DSP initialized in IPC-only mode
[   10.368040] k3_r5_rproc interconnect@100000:r5fss@5c00000: creating child devices for R5F cores
[   10.377463] virtio_rpmsg_bus virtio1: rpmsg host is online
[   10.380555] virtio_rpmsg_bus virtio1: creating channel rpmsg_chrdev addr 0xd
[   10.383170] remoteproc remoteproc1: registered virtio1 (type 7)
[   10.396023] remoteproc remoteproc1: remote processor 4d81800000.dsp is now up
[   10.403539] remoteproc remoteproc3: Direct firmware load for j7-mcu-r5f0_0-fw failed with error -2
[   10.414003] remoteproc remoteproc3: powering up 41000000.r5f
[   10.421560] remoteproc remoteproc3: Direct firmware load for j7-mcu-r5f0_0-fw failed with error -2
[   10.430744] remoteproc remoteproc3: request_firmware failed: -2
[   10.432343] platform 5c00000.r5f: R5F core may have been powered on by a different host, programmed state (0) != actual state (1)
[   10.456097] platform 5c00000.r5f: configured R5F for IPC-only mode
[   10.464126] platform 5c00000.r5f: assigned reserved memory node r5f-dma-memory@a2000000
[   10.475203] remoteproc remoteproc4: 5c00000.r5f is available
[   10.483005] TI DP83867 k3-cpsw-mdio:00: attached PHY driver [TI DP83867] (mii_bus:phy_addr=k3-cpsw-mdio:00, irq=POLL)
[   10.494018] remoteproc remoteproc2: powering up 64800000.dsp
[   10.495731] platform 5d00000.r5f: configured R5F for IPC-only mode
[   10.499789] remoteproc remoteproc2: Booting fw image j7-c71_0-fw, size 11859584
[   10.507597] IPv6: ADDRCONF(NETDEV_UP): eth0: link is not ready
[   10.518648] k3-dsp-rproc 64800000.dsp: DSP initialized in IPC-only mode
[   10.520052] platform 5d00000.r5f: assigned reserved memory node r5f-dma-memory@a3000000
[   10.527011] virtio_rpmsg_bus virtio2: rpmsg host is online
[   10.534674] virtio_rpmsg_bus virtio2: creating channel rpmsg_chrdev addr 0xd
[   10.542572] remoteproc remoteproc2: registered virtio2 (type 7)
[   10.550068] remoteproc remoteproc5: 5d00000.r5f is available
[   10.554541] remoteproc remoteproc2: remote processor 64800000.dsp is now up
[   10.571927] k3_r5_rproc interconnect@100000:r5fss@5e00000: creating child devices for R5F cores
[   10.598575] platform 5e00000.r5f: configured R5F for remoteproc mode
[   10.612093] platform 5e00000.r5f: assigned reserved memory node r5f-dma-memory@a4000000
[   10.620906] asoc-simple-card sound@0: pcm3168a-dac <-> 2ba0000.mcasp mapping ok
[   10.632821] remoteproc remoteproc6: 5e00000.r5f is available
[   10.638987] asoc-simple-card sound@0: pcm3168a-adc <-> 2ba0000.mcasp mapping ok
[   10.650459] remoteproc remoteproc6: Direct firmware load for j7-main-r5f1_0-fw failed with error -2
[   10.662647] remoteproc remoteproc6: powering up 5e00000.r5f
[   10.672502] remoteproc remoteproc6: Direct firmware load for j7-main-r5f1_0-fw failed with error -2
[   10.688768] remoteproc remoteproc6: request_firmware failed: -2
[   10.704075] remoteproc remoteproc4: powering up 5c00000.r5f
[   10.709761] remoteproc remoteproc4: Booting fw image j7-main-r5f0_0-fw, size 1893996
[   11.028336] remoteproc remoteproc5: powering up 5d00000.r5f
[   11.034206] remoteproc remoteproc5: Booting fw image j7-main-r5f0_1-fw, size 12104588
[   11.053221] platform 5d00000.r5f: R5F core initialized in IPC-only mode
[   11.068084] virtio_rpmsg_bus virtio3: rpmsg host is online
[  OK  ] Started Login Service.
[   11.091244] cdns-usb3 6000000.usb: DRD version v1 (ID: 0004024e, rev: 00000200)
[  OK  ] Started RPC Bind Service.
[  OK     11.098478] remoteproc remoteproc5: registered virtio3 (type 7)
m] Started rc.pvr.service.
[  OK  ] Started Lightning Fast Webserver With Light System Requirements.
[  OK  ] Started Permit User Sessions.
[  OK  ] Found device /dev/ttyS1.
[   11.160558] remoteproc remoteproc5: remote processor 5d00000.r5f is now up
[   11.178221] virtio_rpmsg_bus virtio2: creating channel rpmsg_chrdev addr 0x15
[   11.193600] omap_rng 4e10000.trng: Random Number Generator ver. 241b34c
[   11.193624] random: crng init done
[   11.207168] virtio_rpmsg_bus virtio2: creating channel ti.ipc4.ping-pong addr 0xe
[   11.207272] random: 7 urandom warning(s) missed due to ratelimiting
[   11.221436] cdns-usb3 6400000.usb: DRD version v1 (ID: 0004024e, rev: 00000200)
[   11.222622] virtio_rpmsg_bus virtio3: creating channel rpmsg_chrdev addr 0xd
[   11.247782] virtio_rpmsg_bus virtio3: creating channel rpmsg_chrdev addr 0x15
[   11.265042] virtio_rpmsg_bus virtio3: creating channel ti.ipc4.ping-pong addr 0xe
[   11.283990] virtio_rpmsg_bus virtio0: creating channel rpmsg_chrdev addr 0x15
[   11.293369] virtio_rpmsg_bus virtio0: creating channel ti.ipc4.ping-pong addr 0xe
[   11.310039] virtio_rpmsg_bus virtio1: creating channel rpmsg_chrdev addr 0x15
[   11.325778] virtio_rpmsg_bus virtio1: creating channel ti.ipc4.ping-pong addr 0xe
[   11.368111] remoteproc remoteproc7: b034000.pru is available
[   11.389436] pru-rproc b034000.pru: PRU rproc node pru@b034000 probed successfully
[   11.408881] remoteproc remoteproc8: b004000.rtu is available
[   11.438926] pru-rproc b004000.rtu: PRU rproc node rtu@b004000 probed successfully
[   11.453170] remoteproc remoteproc9: b00a000.txpru is available
[   11.459577] pru-rproc b00a000.txpru: PRU rproc node txpru@b00a000 probed successfully
[   11.468688] remoteproc remoteproc10: b038000.pru is available
[   11.474949] pru-rproc b038000.pru: PRU rproc node pru@b038000 probed successfully
[   11.483588] remoteproc remoteproc11: b006000.rtu is available
[   11.489631] pru-rproc b006000.rtu: PRU rproc node rtu@b006000 probed successfully
[   11.498370] remoteproc remoteproc12: b00c000.txpru is available
[   11.507387] pru-rproc b00c000.txpru: PRU rproc node txpru@b00c000 probed successfully
[   11.518368] remoteproc remoteproc13: b134000.pru is available
[   11.526245] pru-rproc b134000.pru: PRU rproc node pru@b134000 probed successfully
[   11.539829] am65-cpsw-nuss 46000000.ethernet eth0: Link is Down
[   11.547079] remoteproc remoteproc14: b104000.rtu is available
[   11.553037] pru-rproc b104000.rtu: PRU rproc node rtu@b104000 probed successfully
[   11.561421] remoteproc remoteproc15: b10a000.txpru is available
[   11.567548] pru-rproc b10a000.txpru: PRU rproc node txpru@b10a000 probed successfully
[   11.575838] remoteproc remoteproc16: b138000.pru is available
[   11.581878] pru-rproc b138000.pru: PRU rproc node pru@b138000 probed successfully
[   11.589808] remoteproc remoteproc17: b106000.rtu is available
[   11.595630] pru-rproc b106000.rtu: PRU rproc node rtu@b106000 probed successfully
[   11.603505] remoteproc remoteproc18: b10c000.txpru is available
[   11.609735] pru-rproc b10c000.txpru: PRU rproc node txpru@b10c000 probed successfully
[  OK  ] Started Avahi mDNS/DNS-SD Stack.
[  OK  ] Started Hardware RNG Entropy Gatherer Daemon.
         Starting Save/Restore Sound Card State...[   11.698133] usbcore: registered new interface driver usbfs

[  OK  ] Started Getty on tty1.
[  OK  ] Started Serial Getty on ttyS1.
[  OK  ] Started Serial Getty on ttyS2.
[  OK  ] Reached target Login Prompts.
         Starting Synchronize System and HW clocks...
[   11.740590] usbcore: registered new interface driver hub
         Starting weston.service...
[  OK  ] [   11.755451] usbcore: registered new device driver usb
Started NFS status monitor for NFSv2/3 locking..
[  OK  ] Started Save/Restore Sound Card State.
[FAILED] Failed to start Synchronize System and HW clocks.
See 'systemctl status sync-clocks.service' for details.
[  OK  ] Reached target Sound Card.
[   11.787558] xhci-hcd xhci-hcd.2.auto: xHCI Host Controller
[   11.793559] xhci-hcd xhci-hcd.2.auto: new USB bus registered, assigned bus number 1
[   11.802940] xhci-hcd xhci-hcd.2.auto: hcc params 0x200073c9 hci version 0x100 quirks 0x0000000000010010
[   11.812527] xhci-hcd xhci-hcd.2.auto: irq 319, io mem 0x06410000
[   11.818723] usb usb1: New USB device found, idVendor=1d6b, idProduct=0002, bcdDevice= 4.19
[   11.818726] usb usb1: New USB device strings: Mfr=3, Product=2, SerialNumber=1
[   11.818728] usb usb1: Product: xHCI Host Controller
[   11.818730] usb usb1: Manufacturer: Linux 4.19.73-g0cabba2b47 xhci-hcd
[   11.818732] usb usb1: SerialNumber: xhci-hcd.2.auto
[   11.819311] hub 1-0:1.0: USB hub found
[   11.819327] hub 1-0:1.0: 1 port detected
[   11.820182] xhci-hcd xhci-hcd.2.auto: xHCI Host Controller
[   11.820190] xhci-hcd xhci-hcd.2.auto: new USB bus registered, assigned bus number 2
[   11.820197] xhci-hcd xhci-hcd.2.auto: Host supports USB 3.0 SuperSpeed
[   11.820663] usb usb2: We don't know the algorithms for LPM for this host, disabling LPM.
[   11.820710] usb usb2: New USB device found, idVendor=1d6b, idProduct=0003, bcdDevice= 4.19
[   11.820712] usb usb2: New USB device strings: Mfr=3, Product=2, SerialNumber=1
[   11.820715] usb usb2: Product: xHCI Host Controller
[   11.820716] usb usb2: Manufacturer: Linux 4.19.73-g0cabba2b47 xhci-hcd
[   11.820718] usb usb2: SerialNumber: xhci-hcd.2.auto
[   11.821312] hub 2-0:1.0: USB hub found
[   11.923666] hub 2-0:1.0: 1 port detected
[  OK  ] Started weston.service.
         Starting Matrix GUI...
         Starting telnetd.service...
[  OK  ] Started telnetd.service.
         Starting thttpd.service...
[  OK  ] Started Matrix GUI.
[  OK  ] Started thttpd.service.
[   12.154549] usb 1-1: new high-speed USB device number 2 using xhci-hcd
[  OK  ] Created slice system-systemd\x2dfsck.slice.
[   12.306844] usb 1-1: New USB device found, idVendor=0451, idProduct=8142, bcdDevice= 1.00
[   12.315029] usb 1-1: New USB device strings: Mfr=0, Product=0, SerialNumber=1
[   12.322173] usb 1-1: SerialNumber: F0070879E165
[   12.327230] hub 1-1:1.0: USB hub found
[   12.331048] hub 1-1:1.0: 4 ports detected
[  OK  ] Found device /dev/mmcblk1p1.
         Starting File System Check on /dev/mmcblk1p1...
[  OK  ] Started File System Check on /dev/mmcblk1p1.
         Mounting /run/media/mmcblk1p1...
[  OK  ] Mounted /run/media/mmcblk1p1.
***************************************************************
***************************************************************
NOTICE: This file system contains the following GPLv3 packages:
	autoconf
	bash-dev
	bash
	bc
	binutils
	cifs-utils
	cpio
	cpp-symlinks
	cpp
	dosfstools
	elfutils
	g++-symlinks
	g++
	gawk
	gcc-symlinks
	gcc
	gdb
	gdbserver
	gettext
	glmark2
	gstreamer1.0-libav
	gzip
	libbfd
	libcairo-perf-utils
	libdw1
	libelf1
	libgdbm-compat4
	libgdbm-dev
	libgdbm6
	libgettextlib
	libgettextsrc
	libgmp10
	libidn2-0
	libmpc3
	libmpfr6
	libreadline-dev
	libreadline7
	libunistring2
	m4-dev
	m4
	make
	nettle
	parted
	which

If you do not wish to distribute GPLv3 components please remove
the above packages prior to distribution.  This can be done using
the opkg remove command.  i.e.:
    opkg remove <package>
Where <package> is the name printed in the list above

NOTE: If the package is a dependency of another package you
      will be notified of the dependent packages.  You should
      use the --force-removal-of-dependent-packages option to
      also remove the dependent packages as well
***************************************************************
***************************************************************
[  OK  ] Started Print notice about GPLv3 packages.

 _____                    _____           _         _   
|  _  |___ ___ ___ ___   |  _  |___ ___  |_|___ ___| |_ 
|     |  _| .'| . | . |  |   __|  _| . | | | -_|  _|  _|
|__|__|_| |__,|_  |___|  |__|  |_| |___|_| |___|___|_|  
              |___|                    |___|            

Arago Project http://arago-project.org j7-evm ttyS2

Arago 2019.09 j7-evm ttyS2

j7-evm login: root
root@j7-evm:~# cd /opt/vision_apps/
root@j7-evm:/opt/vision_apps# source ./vision_apps_init.sh 
root@j7-evm:/opt/vision_apps# APP_LOG: Mapping 0xb8000000 ...
APP_LOG: Mapped 0xb8000000 -> 0xffff95210000 of size 262144 bytes 
[MCU2_1]      0.000464 s: CIO: Init ... Done !!!
[MCU2_1]      0.000538 s: ### CPU Frequency <ORG = 1000000000 Hz>, <NEW = 1000000000 Hz>
[MCU2_1]      0.000584 s: APP: Init ... !!!
[MCU2_1]      0.000606 s: SCICLIENT: Init ... !!!
[MCU2_1]      0.000693 s: SCICLIENT: DMSC FW version [19.8.0-v2019.08 (Terrific Llama]
[MCU2_1]      0.000730 s: SCICLIENT: DMSC FW revision 0x13  
[MCU2_1]      0.000753 s: SCICLIENT: DMSC FW ABI revision 2.6
[MCU2_1]      0.000776 s: SCICLIENT: Init ... Done !!!
[MCU2_1]      0.000796 s: UDMA: Init ... !!!
[MCU2_1]      0.001378 s: UDMA: Init ... Done !!!
[MCU2_1]      0.001424 s: MEM: Init ... !!!
[MCU2_1]      0.001459 s: MEM: Created heap (DDR_SHARED_MEM, id=0, flags=0x00000004) @ a4101000 of size 16777216 bytes !!!
[MCU2_1]      0.001514 s: MEM: Created heap (DDR_NON_CACHE_ME, id=5, flags=0x00000000) @ a6000000 of size 67108864 bytes !!!
[MCU2_1]      0.001596 s: MEM: Init ... Done !!!
[MCU2_1]      0.001624 s: IPC: Init ... !!!
[MCU2_1]      0.001655 s: IPC: 5 CPUs participating in IPC !!!
[MCU2_1]      0.001688 s: IPC: Waiting for HLOS to be ready ... !!!
[MCU2_1]     15.848384 s: IPC: HLOS is ready !!!
[MCU2_1]     15.852321 s: IPC: Init ... Done !!!
[MCU2_1]     15.852382 s: APP: Syncing with 4 CPUs ... !!!
[MCU2_1]     15.852420 s: APP: Syncing with 4 CPUs ... Done !!!
[MCU2_1]     15.852450 s: REMOTE_SERVICE: Init ... !!!
[MCU2_1]     15.852978 s: REMOTE_SERVICE: Init ... Done !!!
[MCU2_1]     15.853049 s: MEM PROXY: Init ... !!!
[MCU2_1]     15.853168 s: MEM PROXY: Init ... Done !!!
[MCU2_1]     15.853206 s: FVID2: Init ... !!!
[MCU2_1]     15.853265 s: FVID2: Init ... Done !!!
[MCU2_1]     15.853296 s: DSS: Init ... !!!
[MCU2_1]     15.853315 s: DSS: Display type is eDP !!!
[MCU2_1]     15.853337 s: DSS: SoC init ... !!!
[MCU2_1]     15.853357 s: SCICLIENT: Sciclient_pmSetModuleState module=152 state=2
[MCU2_1]     15.853457 s: SCICLIENT: Sciclient_pmSetModuleState success
[MCU2_1]     15.853489 s: SCICLIENT: Sciclient_pmSetModuleState module=297 state=2
[MCU2_1]     15.853798 s: SCICLIENT: Sciclient_pmSetModuleState success
[MCU2_1]     15.853830 s: SCICLIENT: Sciclient_pmSetModuleState module=151 state=2
[MCU2_1]     15.854178 s: SCICLIENT: Sciclient_pmSetModuleState success
[MCU2_1]     15.854211 s: SCICLIENT: Sciclient_pmSetModuleClkParent module=152 clk=9 parent=11
[MCU2_1]     15.854498 s: SCICLIENT: Sciclient_pmSetModuleClkParent success
[MCU2_1]     15.854531 s: SCICLIENT: Sciclient_pmSetModuleClkParent module=152 clk=13 parent=18
[MCU2_1]     15.854813 s: SCICLIENT: Sciclient_pmSetModuleClkParent success
[MCU2_1]     15.854844 s: SCICLIENT: Sciclient_pmSetModuleClkParent module=152 clk=1 parent=2
[MCU2_1]     15.855022 s: SCICLIENT: Sciclient_pmSetModuleClkParent success
[MCU2_1]     15.855051 s: SCICLIENT: Sciclient_pmSetModuleClkFreq module=152 clk=1 freq=148500000
[MCU2_1]     15.857919 s: SCICLIENT: Sciclient_pmSetModuleClkFreq success
[MCU2_1]     15.857957 s: SCICLIENT: Sciclient_pmModuleClkRequest module=152 clk=1 state=2 flag=0
[MCU2_1]     15.858143 s: SCICLIENT: Sciclient_pmModuleClkRequest success
[MCU2_1]     15.858173 s: DSS: SoC init ... Done !!!
[MCU2_1]     15.880291 s: DSS: Init ... Done !!!
[MCU2_1]     15.880364 s: VHWA: Init ... !!!
[MCU2_1]     15.880392 s: SCICLIENT: Sciclient_pmSetModuleState module=290 state=2
[MCU2_1]     15.880588 s: SCICLIENT: Sciclient_pmSetModuleState success
[MCU2_1]     15.880622 s: SCICLIENT: Sciclient_pmSetModuleState module=48 state=2
[MCU2_1]     15.880766 s: SCICLIENT: Sciclient_pmSetModuleState success
[MCU2_1]     15.880794 s: SCICLIENT: Sciclient_pmSetModuleState module=305 state=2
[MCU2_1]     15.880912 s: SCICLIENT: Sciclient_pmSetModuleState success
[MCU2_1]     15.880939 s: VHWA: DOF Init ... !!!
[MCU2_1]     15.885690 s: VHWA: DOF Init ... Done !!!
[MCU2_1]     15.885752 s: VHWA: LDC Init ... !!!
[MCU2_1]     15.888298 s: VHWA: LDC Init ... Done !!!
[MCU2_1]     15.888356 s: VHWA: MSC Init ... !!!
[MCU2_1]     15.895874 s: VHWA: MSC Init ... Done !!!
[MCU2_1]     15.895928 s: VHWA: NF Init ... !!!
[MCU2_1]     15.897328 s: VHWA: NF Init ... Done !!!
[MCU2_1]     15.897382 s: VHWA: SDE Init ... !!!
[MCU2_1]     15.899348 s: VHWA: SDE Init ... Done !!!
[MCU2_1]     15.899409 s: VHWA: VISS Init ... !!!
[MCU2_1]     15.904762 s: VHWA: VISS Init ... Done !!!
[MCU2_1]     15.904817 s: VHWA: VDEC Init ... !!!
[MCU2_1]     15.918562 s: VHWA: VDEC Init ... Done !!!
[MCU2_1]     15.918633 s: VHWA: Init ... Done !!!
[MCU2_1]     15.918678 s:  VX_ZONE_INIT:Enabled
[MCU2_1]     15.918710 s:  VX_ZONE_ERROR:Enabled
[MCU2_1]     15.918735 s:  VX_ZONE_WARNING:Enabled
[MCU2_1]     15.921242 s:  VX_ZONE_INIT:[tivxInit:64] Initialization Done !!!
[MCU2_1]     15.921290 s: APP: OpenVX Target kernel init ... !!!
[MCU2_1]     15.926202 s: APP: OpenVX Target kernel init ... Done !!!
[MCU2_1]     15.926263 s: CSI2RX: Init ... !!!
[MCU2_1]     15.926285 s: SCICLIENT: Sciclient_pmSetModuleState module=25 state=2
[MCU2_1]     15.926389 s: SCICLIENT: Sciclient_pmSetModuleState success
[MCU2_1]     15.926422 s: SCICLIENT: Sciclient_pmSetModuleState module=26 state=2
[MCU2_1]     15.926597 s: SCICLIENT: Sciclient_pmSetModuleState success
[MCU2_1]     15.926628 s: SCICLIENT: Sciclient_pmSetModuleState module=27 state=2
[MCU2_1]     15.926776 s: SCICLIENT: Sciclient_pmSetModuleState success
[MCU2_1]     15.926804 s: SCICLIENT: Sciclient_pmSetModuleState module=147 state=2
[MCU2_1]     15.926892 s: SCICLIENT: Sciclient_pmSetModuleState success
[MCU2_1]     15.926920 s: SCICLIENT: Sciclient_pmSetModuleState module=148 state=2
[MCU2_1]     15.927007 s: SCICLIENT: Sciclient_pmSetModuleState success
[MCU2_1]     15.927520 s: CSI2RX: Init ... Done !!!
[MCU2_1]     15.927597 s: ISS: Init ... !!!
[MCU2_1]     15.927657 s: Found sensor IMX390-UB953_D3 at location 0 
[MCU2_1]     15.927714 s: Found sensor AR0233-UB953_MARS at location 1 
[MCU2_1]     15.927757 s: Found sensor AR0820-UB953_LI at location 2 
[MCU2_1]     15.927787 s: ISS: Init ... Done !!!
[MCU2_1]     15.927812 s: UDMA Copy: Init ... !!!
[MCU2_1]     15.929143 s: UDMA Copy: Init ... Done !!!
[MCU2_1]     15.929200 s: APP: Init ... Done !!!
[MCU2_1]     15.929229 s: APP: Run ... !!!
[MCU2_1]     15.929248 s: IPC: Starting echo test ...
[MCU2_1]     15.929954 s: APP: Run ... Done !!!
[MCU2_1]     15.931209 s: IPC: Echo status: mpu1_0[x] mcu2_1[s] C66X_1[P] C66X_2[.] C7X_1[.] 
[MCU2_1]     15.931303 s: IPC: Echo status: mpu1_0[x] mcu2_1[s] C66X_1[P] C66X_2[.] C7X_1[P] 
[MCU2_1]     15.931376 s: IPC: Echo status: mpu1_0[x] mcu2_1[s] C66X_1[P] C66X_2[P] C7X_1[P] 
[C6x_1 ]      0.000701 s: CIO: Init ... Done !!!
[C6x_1 ]      0.000739 s: ### CPU Frequency <ORG = 1350000000 Hz>, <NEW = 1350000000 Hz>
[C6x_1 ]      0.000757 s: APP: Init ... !!!
[C6x_1 ]      0.000767 s: SCICLIENT: Init ... !!!
[C6x_1 ]      0.000829 s: SCICLIENT: DMSC FW version [19.8.0-v2019.08 (Terrific Llama]
[C6x_1 ]      0.000844 s: SCICLIENT: DMSC FW revision 0x13  
[C6x_1 ]      0.000857 s: SCICLIENT: DMSC FW ABI revision 2.6
[C6x_1 ]      0.000870 s: SCICLIENT: Init ... Done !!!
[C6x_1 ]      0.000882 s: UDMA: Init ... !!!
[C6x_1 ]      0.001524 s: UDMA: Init ... Done !!!
[C6x_1 ]      0.001554 s: MEM: Init ... !!!
[C6x_1 ]      0.001570 s: MEM: Created heap (DDR_SHARED_MEM, id=0, flags=0x00000004) @ ac601000 of size 8388608 bytes !!!
[C6x_1 ]      0.001592 s: MEM: Created heap (DDR_SCRATCH_MEM, id=4, flags=0x00000001) @ aa201000 of size 37748736 bytes !!!
[C6x_1 ]      0.001614 s: MEM: Init ... Done !!!
[C6x_1 ]      0.001626 s: IPC: Init ... !!!
[C6x_1 ]      0.001641 s: IPC: 5 CPUs participating in IPC !!!
[C6x_1 ]      0.001656 s: IPC: Waiting for HLOS to be ready ... !!!
[C6x_1 ]     14.233470 s: IPC: HLOS is ready !!!
[C6x_1 ]     14.236678 s: IPC: Init ... Done !!!
[C6x_1 ]     14.236712 s: APP: Syncing with 4 CPUs ... !!!
[C6x_1 ]     15.452807 s: APP: Syncing with 4 CPUs ... Done !!!
[C6x_1 ]     15.452835 s: REMOTE_SERVICE: Init ... !!!
[C6x_1 ]     15.453053 s: REMOTE_SERVICE: Init ... Done !!!
[C6x_1 ]     15.453097 s:  VX_ZONE_INIT:Enabled
[C6x_1 ]     15.453115 s:  VX_ZONE_ERROR:Enabled
[C6x_1 ]     15.453130 s:  VX_ZONE_WARNING:Enabled
[C6x_1 ]     15.453810 s:  VX_ZONE_INIT:[tivxInit:64] Initialization Done !!!
[C6x_1 ]     15.453838 s: APP: OpenVX Target kernel init ... !!!
[C6x_1 ]     15.454026 s: APP: OpenVX Target kernel init ... Done !!!
[C6x_1 ]     15.454052 s: UDMA Copy: Init ... !!!
[C6x_1 ]     15.459181 s: UDMA Copy: Init ... Done !!!
[C6x_1 ]     15.459206 s: APP: Init ... Done !!!
[C6x_1 ]     15.459219 s: APP: Run ... !!!
[C6x_1 ]     15.459232 s: IPC: Starting echo test ...
[C6x_1 ]     15.459551 s: APP: Run ... Done !!!
[C6x_1 ]     15.459887 s: IPC: Echo status: mpu1_0[x] mcu2_1[x] C66X_1[s] C66X_2[x] C7X_1[P] 
[C6x_1 ]     15.460264 s: IPC: Echo status: mpu1_0[x] mcu2_1[x] C66X_1[s] C66X_2[P] C7X_1[P] 
[C6x_1 ]     15.531392 s: IPC: Echo status: mpu1_0[x] mcu2_1[P] C66X_1[s] C66X_2[P] C7X_1[P] 
[C6x_2 ]      0.000718 s: CIO: Init ... Done !!!
[C6x_2 ]      0.000754 s: ### CPU Frequency <ORG = 1350000000 Hz>, <NEW = 1350000000 Hz>
[C6x_2 ]      0.000773 s: APP: Init ... !!!
[C6x_2 ]      0.000782 s: SCICLIENT: Init ... !!!
[C6x_2 ]      0.000843 s: SCICLIENT: DMSC FW version [19.8.0-v2019.08 (Terrific Llama]
[C6x_2 ]      0.000857 s: SCICLIENT: DMSC FW revision 0x13  
[C6x_2 ]      0.000868 s: SCICLIENT: DMSC FW ABI revision 2.6
[C6x_2 ]      0.000880 s: SCICLIENT: Init ... Done !!!
[C6x_2 ]      0.000890 s: UDMA: Init ... !!!
[C6x_2 ]      0.001564 s: UDMA: Init ... Done !!!
[C6x_2 ]      0.001593 s: MEM: Init ... !!!
[C6x_2 ]      0.001609 s: MEM: Created heap (DDR_SHARED_MEM, id=0, flags=0x00000004) @ ae201000 of size 8388608 bytes !!!
[C6x_2 ]      0.001631 s: MEM: Init ... Done !!!
[C6x_2 ]      0.001644 s: IPC: Init ... !!!
[C6x_2 ]      0.001661 s: IPC: 5 CPUs participating in IPC !!!
[C6x_2 ]      0.001676 s: IPC: Waiting for HLOS to be ready ... !!!
[C6x_2 ]     13.383490 s: IPC: HLOS is ready !!!
[C6x_2 ]     13.386625 s: IPC: Init ... Done !!!
[C6x_2 ]     13.386657 s: APP: Syncing with 4 CPUs ... !!!
[C6x_2 ]     14.078141 s: APP: Syncing with 4 CPUs ... Done !!!
[C6x_2 ]     14.078169 s: REMOTE_SERVICE: Init ... !!!
[C6x_2 ]     14.078386 s: REMOTE_SERVICE: Init ... Done !!!
[C6x_2 ]     14.078430 s:  VX_ZONE_INIT:Enabled
[C6x_2 ]     14.078447 s:  VX_ZONE_ERROR:Enabled
[C6x_2 ]     14.078461 s:  VX_ZONE_WARNING:Enabled
[C6x_2 ]     14.079139 s:  VX_ZONE_INIT:[tivxInit:64] Initialization Done !!!
[C6x_2 ]     14.079169 s: APP: OpenVX Target kernel init ... !!!
[C6x_2 ]     14.079361 s: APP: OpenVX Target kernel init ... Done !!!
[C6x_2 ]     14.079385 s: UDMA Copy: Init ... !!!
[C6x_2 ]     14.084730 s: UDMA Copy: Init ... Done !!!
[C6x_2 ]     14.084765 s: APP: Init ... Done !!!
[C6x_2 ]     14.084779 s: APP: Run ... !!!
[C6x_2 ]     14.084791 s: IPC: Starting echo test ...
[C6x_2 ]     14.085157 s: APP: Run ... Done !!!
[C6x_2 ]     14.085589 s: IPC: Echo status: mpu1_0[x] mcu2_1[x] C66X_1[.] C66X_2[s] C7X_1[P] 
[C6x_2 ]     14.085631 s: IPC: Echo status: mpu1_0[x] mcu2_1[x] C66X_1[P] C66X_2[s] C7X_1[P] 
[C6x_2 ]     14.156782 s: IPC: Echo status: mpu1_0[x] mcu2_1[P] C66X_1[P] C66X_2[s] C7X_1[P] 
[C7x_1 ]      0.009681 s: CIO: Init ... Done !!!
[C7x_1 ]      0.009704 s: ### CPU Frequency <ORG = 1000000000 Hz>, <NEW = 1000000000 Hz>
[C7x_1 ]      0.009720 s: APP: Init ... !!!
[C7x_1 ]      0.009727 s: SCICLIENT: Init ... !!!
[C7x_1 ]      0.009788 s: SCICLIENT: DMSC FW version [19.8.0-v2019.08 (Terrific Llama]
[C7x_1 ]      0.009801 s: SCICLIENT: DMSC FW revision 0x13  
[C7x_1 ]      0.009812 s: SCICLIENT: DMSC FW ABI revision 2.6
[C7x_1 ]      0.009822 s: SCICLIENT: Init ... Done !!!
[C7x_1 ]      0.009831 s: UDMA: Init ... !!!
[C7x_1 ]      0.009855 s: UDMA: Init ... Done !!!
[C7x_1 ]      0.009865 s: MEM: Init ... !!!
[C7x_1 ]      0.009875 s: MEM: Created heap (DDR_SHARED_MEM, id=0, flags=0x00000004) @ b0404000 of size 83886080 bytes !!!
[C7x_1 ]      0.009896 s: MEM: Created heap (L3_MEM, id=1, flags=0x00000001) @ 70020000 of size 8159232 bytes !!!
[C7x_1 ]      0.009914 s: MEM: Created heap (L2_MEM, id=2, flags=0x00000001) @ 64800000 of size 458752 bytes !!!
[C7x_1 ]      0.009930 s: MEM: Created heap (L1_MEM, id=3, flags=0x00000001) @ 64e00000 of size 16384 bytes !!!
[C7x_1 ]      0.009947 s: MEM: Created heap (DDR_SCRATCH_MEM, id=4, flags=0x00000001) @ b5404000 of size 16777216 bytes !!!
[C7x_1 ]      0.009964 s: MEM: Init ... Done !!!
[C7x_1 ]      0.009972 s: IPC: Init ... !!!
[C7x_1 ]      0.009980 s: IPC: 5 CPUs participating in IPC !!!
[C7x_1 ]      0.009993 s: IPC: Waiting for HLOS to be ready ... !!!
[C7x_1 ]     11.885663 s: IPC: HLOS is ready !!!
[C7x_1 ]     11.887563 s: IPC: Init ... Done !!!
[C7x_1 ]     11.887576 s: APP: Syncing with 4 CPUs ... !!!
[C7x_1 ]     12.430760 s: APP: Syncing with 4 CPUs ... Done !!!
[C7x_1 ]     12.430777 s: REMOTE_SERVICE: Init ... !!!
[C7x_1 ]     12.430853 s: REMOTE_SERVICE: Init ... Done !!!
[C7x_1 ]     12.430940 s:  VX_ZONE_INIT:Enabled
[C7x_1 ]     12.430954 s:  VX_ZONE_ERROR:Enabled
[C7x_1 ]     12.430964 s:  VX_ZONE_WARNING:Enabled
[C7x_1 ]     12.431075 s:  VX_ZONE_INIT:[tivxInit:64] Initialization Done !!!
[C7x_1 ]     12.431089 s: APP: OpenVX Target kernel init ... !!!
[C7x_1 ]     12.431186 s: APP: OpenVX Target kernel init ... Done !!!
[C7x_1 ]     12.431201 s: APP: Init ... Done !!!
[C7x_1 ]     12.431210 s: APP: Run ... !!!
[C7x_1 ]     12.431219 s: IPC: Starting echo test ...
[C7x_1 ]     12.431368 s: APP: Run ... Done !!!
[C7x_1 ]     12.437844 s: IPC: Echo status: mpu1_0[x] mcu2_1[x] C66X_1[P] C66X_2[x] C7X_1[s] 
[C7x_1 ]     12.438179 s: IPC: Echo status: mpu1_0[x] mcu2_1[x] C66X_1[P] C66X_2[P] C7X_1[s] 
[C7x_1 ]     12.509414 s: IPC: Echo status: mpu1_0[x] mcu2_1[P] C66X_1[P] C66X_2[P] C7X_1[s] 

root@j7-evm:/opt/vision_apps# ls
app_avp.cfg                                limits.conf                                uEnv.txt.ptk                               vx_app_single_cam.out
app_avp2.cfg                               run_app_c7x.sh                             vision_apps_init.sh                        vx_app_srv_calibration.out
app_c7x.cfg                                run_app_dof.sh                             vx_app_c7x_kernel.out                      vx_app_srv_camera.out
app_dof.cfg                                run_app_multi_cam.sh                       vx_app_conformance.out                     vx_app_srv_fileio.out
app_multi_cam.cfg                          run_app_single_cam.sh                      vx_app_dense_optical_flow.out              vx_app_stereo_depth.out
app_single_cam.cfg                         run_app_srv.sh                             vx_app_dof_sfm_fisheye.out                 vx_app_surround_radar_ogmap.out
app_srv.cfg                                run_app_stereo.sh                          vx_app_lidar_ogmap.out                     vx_app_test_framework.out
app_stereo.cfg                             run_app_tidl.sh                            vx_app_linux_arm_ipc.out                   vx_app_tidl.out
app_vd.cfg                                 run_app_tidl_avp.sh                        vx_app_linux_arm_mem.out                   vx_app_tidl_avp.out
dtbo                                       run_app_tidl_avp2.sh                       vx_app_linux_arm_opengl_mosaic.out         vx_app_tidl_avp2.out
integrated_srv_graph_1_img.txt             run_ptk_demo.sh                            vx_app_linux_arm_remote_log.out            vx_app_tutorial.out
integrated_srv_graph_2_pipe_img.txt        srv_output_file.bin                        vx_app_multi_cam.out                       vx_app_valet_parking.out
integrated_srv_graph_3_data_ref_q_img.txt  test_data                                  vx_app_radar_gtrack.out
integrated_srv_graph_4_pipe0_img.txt       uEnv.txt                                   vx_app_sfm_fisheye.out
root@j7-evm:/opt/vision_apps# ./vx_app_conformance.out 
APP: Init ... !!!
APP_LOG: Mapping 0xb8000000 ...
APP_LOG: Mapped 0xb8000000 -> 0xffffa3f40000 of size 262144 bytes 
MEM: Init ION ... !!!
MEM: Initialized ION (fd=4) !!!
MEM: Init ION ... Done !!!
IPC: Init ... !!!
APP_LOG: Mapping 0xb8040000 ...
APP_LOG: Mapped 0xb8040000 -> 0xffffa1f80000 of size 33292288 bytes 
APP_LOG: Mapping 0x30e00000 ...
APP_LOG: Mapped 0x30e00000 -> 0xffffa4450000 of size 3072 bytes 
IPC: Init ... Done !!!
REMOTE_SERVICE: Init ... !!!
REMOTE_SERVICE: Init ... Done !!!
APP: Init ... Done !!!
     0.016600 s:  VX_ZONE_INIT:Enabled
     0.016614 s:  VX_ZONE_ERROR:Enabled
     0.016618 s:  VX_ZONE_WARNING:Enabled
     0.020043 s:  VX_ZONE_INIT:[tivxInit:64] Initialization Done !!!
     0.020192 s:  VX_ZONE_INIT:[tivxHostInit:35] Initialization Done for HOST !!!
VxTests version: 1.1-20170301
VCS version: unknown
Build config: Release

[ ======== ] Total 21376 tests from 143 test cases
Use global OpenVX context: FALSE


[ -------- ] tests from tivxTestKernelsNotNot
[ RUN 0001 ] tivxTestKernelsNotNot.Sizes/0/640x480 ...
[   39.878661] ion_buffer_destroy: buffer still mapped in the kernel
[     DONE ] tivxTestKernelsNotNot.Sizes/0/640x480
[ -------- ] 1 tests from test case tivxTestKernelsNotNot

[ -------- ] tests from tivxGraphStreaming
[ RUN 0001 ] tivxGraphStreaming.SourceSinkNoTrigger/0/streaming ...
[     DONE ] tivxGraphStreaming.SourceSinkNoTrigger/0/streaming
[ RUN 0002 ] tivxGraphStreaming.SourceSinkNoTrigger/1/streaming ...
[     DONE ] tivxGraphStreaming.SourceSinkNoTrigger/1/streaming
[ RUN 0003 ] tivxGraphStreaming.SourceSinkNoTrigger/2/streaming ...
[     DONE ] tivxGraphStreaming.SourceSinkNoTrigger/2/streaming
[ RUN 0004 ] tivxGraphStreaming.SourceSink1/0/streaming ...
[     DONE ] tivxGraphStreaming.SourceSink1/0/streaming
[ RUN 0005 ] tivxGraphStreaming.SourceSink1/1/streaming ...
[     DONE ] tivxGraphStreaming.SourceSink1/1/streaming
[ RUN 0006 ] tivxGraphStreaming.SourceSink1/2/streaming ...
[     DONE ] tivxGraphStreaming.SourceSink1/2/streaming
[ RUN 0007 ] tivxGraphStreaming.SourceSink2/0/streaming ...
[     DONE ] tivxGraphStreaming.SourceSink2/0/streaming
[ RUN 0008 ] tivxGraphStreaming.SourceSink2/1/streaming ...
[     DONE ] tivxGraphStreaming.SourceSink2/1/streaming
[ RUN 0009 ] tivxGraphStreaming.SourceSink2/2/streaming ...
[     DONE ] tivxGraphStreaming.SourceSink2/2/streaming
[ RUN 0010 ] tivxGraphStreaming.StreamStartStop/0/streaming ...
[     DONE ] tivxGraphStreaming.StreamStartStop/0/streaming
[ RUN 0011 ] tivxGraphStreaming.StreamStartStop/1/streaming ...
[     DONE ] tivxGraphStreaming.StreamStartStop/1/streaming
[ RUN 0012 ] tivxGraphStreaming.StreamStartStop/2/streaming ...
[     DONE ] tivxGraphStreaming.StreamStartStop/2/streaming
[ RUN 0013 ] tivxGraphStreaming.MultiGraph1/0/streaming ...
[     DONE ] tivxGraphStreaming.MultiGraph1/0/streaming
[ RUN 0014 ] tivxGraphStreaming.MultiGraph1/1/streaming ...
[     DONE ] tivxGraphStreaming.MultiGraph1/1/streaming
[ RUN 0015 ] tivxGraphStreaming.MultiGraph1/2/streaming ...
[     DONE ] tivxGraphStreaming.MultiGraph1/2/streaming
[ RUN 0016 ] tivxGraphStreaming.MultiGraph2/0/streaming ...
[     DONE ] tivxGraphStreaming.MultiGraph2/0/streaming
[ RUN 0017 ] tivxGraphStreaming.MultiGraph2/1/streaming ...
[     DONE ] tivxGraphStreaming.MultiGraph2/1/streaming
[ RUN 0018 ] tivxGraphStreaming.MultiGraph2/2/streaming ...
[     DONE ] tivxGraphStreaming.MultiGraph2/2/streaming
[ RUN 0019 ] tivxGraphStreaming.MultiGraph3/0/streaming ...
[     DONE ] tivxGraphStreaming.MultiGraph3/0/streaming
[ RUN 0020 ] tivxGraphStreaming.MultiGraph3/1/streaming ...
[     DONE ] tivxGraphStreaming.MultiGraph3/1/streaming
[ RUN 0021 ] tivxGraphStreaming.MultiGraph3/2/streaming ...
[     DONE ] tivxGraphStreaming.MultiGraph3/2/streaming
[ RUN 0022 ] tivxGraphStreaming.MultiGraphPipelined1/0/streaming ...
[     DONE ] tivxGraphStreaming.MultiGraphPipelined1/0/streaming
[ RUN 0023 ] tivxGraphStreaming.MultiGraphPipelined1/1/streaming ...
[  129.293649] NET: Registered protocol family 15
[  129.336618] Initializing XFRM netlink socket
[     DONE ] tivxGraphStreaming.MultiGraphPipelined1/1/streaming
[ RUN 0024 ] tivxGraphStreaming.MultiGraphPipelined1/2/streaming ...
[     DONE ] tivxGraphStreaming.MultiGraphPipelined1/2/streaming
[ RUN 0025 ] tivxGraphStreaming.MultiGraphPipelined2/0/streaming ...
[     DONE ] tivxGraphStreaming.MultiGraphPipelined2/0/streaming
[ RUN 0026 ] tivxGraphStreaming.MultiGraphPipelined2/1/streaming ...
[     DONE ] tivxGraphStreaming.MultiGraphPipelined2/1/streaming
[ RUN 0027 ] tivxGraphStreaming.MultiGraphPipelined2/2/streaming ...
[     DONE ] tivxGraphStreaming.MultiGraphPipelined2/2/streaming
[ RUN 0028 ] tivxGraphStreaming.MultiGraphPipelined3/0/streaming ...
[     DONE ] tivxGraphStreaming.MultiGraphPipelined3/0/streaming
[ RUN 0029 ] tivxGraphStreaming.MultiGraphPipelined3/1/streaming ...
[     DONE ] tivxGraphStreaming.MultiGraphPipelined3/1/streaming
[ RUN 0030 ] tivxGraphStreaming.MultiGraphPipelined3/2/streaming ...
[     DONE ] tivxGraphStreaming.MultiGraphPipelined3/2/streaming
[ RUN 0031 ] tivxGraphStreaming.MultiGraphPipelined4/0/streaming ...
[     DONE ] tivxGraphStreaming.MultiGraphPipelined4/0/streaming
[ RUN 0032 ] tivxGraphStreaming.MultiGraphPipelined4/1/streaming ...
[     DONE ] tivxGraphStreaming.MultiGraphPipelined4/1/streaming
[ RUN 0033 ] tivxGraphStreaming.MultiGraphPipelined4/2/streaming ...
[     DONE ] tivxGraphStreaming.MultiGraphPipelined4/2/streaming
[ RUN 0034 ] tivxGraphStreaming.PipeliningStreaming1/0/streaming ...
[     DONE ] tivxGraphStreaming.PipeliningStreaming1/0/streaming
[ RUN 0035 ] tivxGraphStreaming.PipeliningStreaming1/1/streaming ...
[     DONE ] tivxGraphStreaming.PipeliningStreaming1/1/streaming
[ RUN 0036 ] tivxGraphStreaming.PipeliningStreaming1/2/streaming ...
[     DONE ] tivxGraphStreaming.PipeliningStreaming1/2/streaming
[ RUN 0037 ] tivxGraphStreaming.PipeliningStreaming2/0/streaming ...
[     DONE ] tivxGraphStreaming.PipeliningStreaming2/0/streaming
[ RUN 0038 ] tivxGraphStreaming.PipeliningStreaming2/1/streaming ...
[     DONE ] tivxGraphStreaming.PipeliningStreaming2/1/streaming
[ RUN 0039 ] tivxGraphStreaming.PipeliningStreaming2/2/streaming ...
[     DONE ] tivxGraphStreaming.PipeliningStreaming2/2/streaming
[ RUN 0040 ] tivxGraphStreaming.PipeliningStreaming3/0/random/sz=64x64/pipe_depth=3/buf=3/loop_count=0/measure_perf=OFF ...
[     DONE ] tivxGraphStreaming.PipeliningStreaming3/0/random/sz=64x64/pipe_depth=3/buf=3/loop_count=0/measure_perf=OFF
[ RUN 0041 ] tivxGraphStreaming.PipeliningStreaming3/1/random/sz=64x64/pipe_depth=1/buf=1/loop_count=0/measure_perf=OFF ...
[     DONE ] tivxGraphStreaming.PipeliningStreaming3/1/random/sz=64x64/pipe_depth=1/buf=1/loop_count=0/measure_perf=OFF
[ RUN 0042 ] tivxGraphStreaming.PipeliningStreaming3/2/random/sz=64x64/pipe_depth=3/buf=3/loop_count=1/measure_perf=OFF ...
[     DONE ] tivxGraphStreaming.PipeliningStreaming3/2/random/sz=64x64/pipe_depth=3/buf=3/loop_count=1/measure_perf=OFF
[ RUN 0043 ] tivxGraphStreaming.PipeliningStreaming3/3/random/sz=64x64/pipe_depth=6/buf=3/loop_count=1000/measure_perf=OFF ...
[     DONE ] tivxGraphStreaming.PipeliningStreaming3/3/random/sz=64x64/pipe_depth=6/buf=3/loop_count=1000/measure_perf=OFF
[ RUN 0044 ] tivxGraphStreaming.PipeliningStreaming3/4/random/sz=64x64/pipe_depth=MAX/buf=3/loop_count=1000/measure_perf=OFF ...
[     DONE ] tivxGraphStreaming.PipeliningStreaming3/4/random/sz=64x64/pipe_depth=MAX/buf=3/loop_count=1000/measure_perf=OFF
[ RUN 0045 ] tivxGraphStreaming.PipeliningStreaming3/5/random/sz=64x64/pipe_depth=1/buf=1/loop_count=1000/measure_perf=OFF ...
[     DONE ] tivxGraphStreaming.PipeliningStreaming3/5/random/sz=64x64/pipe_depth=1/buf=1/loop_count=1000/measure_perf=OFF
[ RUN 0046 ] tivxGraphStreaming.PipeliningStreaming3/6/random/sz=64x64/pipe_depth=6/buf=2/loop_count=1000/measure_perf=OFF ...
[     DONE ] tivxGraphStreaming.PipeliningStreaming3/6/random/sz=64x64/pipe_depth=6/buf=2/loop_count=1000/measure_perf=OFF
[ RUN 0047 ] tivxGraphStreaming.PipeliningStreaming3/7/random/sz=64x64/pipe_depth=6/buf=2/loop_count=100000/measure_perf=ON ...
[     DONE ] tivxGraphStreaming.PipeliningStreaming3/7/random/sz=64x64/pipe_depth=6/buf=2/loop_count=100000/measure_perf=ON
[ RUN 0048 ] tivxGraphStreaming.PipeliningStreaming3/8/random/sz=2048x1024/pipe_depth=3/buf=3/loop_count=1000/measure_perf=ON ...
[     DONE ] tivxGraphStreaming.PipeliningStreaming3/8/random/sz=2048x1024/pipe_depth=3/buf=3/loop_count=1000/measure_perf=ON
[ RUN 0049 ] tivxGraphStreaming.PipeliningStreaming4/0/random/sz=64x64/pipe_depth=3/buf=3/loop_count=0/measure_perf=OFF ...
[     DONE ] tivxGraphStreaming.PipeliningStreaming4/0/random/sz=64x64/pipe_depth=3/buf=3/loop_count=0/measure_perf=OFF
[ RUN 0050 ] tivxGraphStreaming.PipeliningStreaming4/1/random/sz=64x64/pipe_depth=1/buf=1/loop_count=0/measure_perf=OFF ...
[     DONE ] tivxGraphStreaming.PipeliningStreaming4/1/random/sz=64x64/pipe_depth=1/buf=1/loop_count=0/measure_perf=OFF
[ RUN 0051 ] tivxGraphStreaming.PipeliningStreaming4/2/random/sz=64x64/pipe_depth=3/buf=3/loop_count=1/measure_perf=OFF ...
[     DONE ] tivxGraphStreaming.PipeliningStreaming4/2/random/sz=64x64/pipe_depth=3/buf=3/loop_count=1/measure_perf=OFF
[ RUN 0052 ] tivxGraphStreaming.PipeliningStreaming4/3/random/sz=64x64/pipe_depth=6/buf=3/loop_count=1000/measure_perf=OFF ...
[     DONE ] tivxGraphStreaming.PipeliningStreaming4/3/random/sz=64x64/pipe_depth=6/buf=3/loop_count=1000/measure_perf=OFF
[ RUN 0053 ] tivxGraphStreaming.PipeliningStreaming4/4/random/sz=64x64/pipe_depth=MAX/buf=3/loop_count=1000/measure_perf=OFF ...
[     DONE ] tivxGraphStreaming.PipeliningStreaming4/4/random/sz=64x64/pipe_depth=MAX/buf=3/loop_count=1000/measure_perf=OFF
[ RUN 0054 ] tivxGraphStreaming.PipeliningStreaming4/5/random/sz=64x64/pipe_depth=1/buf=1/loop_count=1000/measure_perf=OFF ...
[     DONE ] tivxGraphStreaming.PipeliningStreaming4/5/random/sz=64x64/pipe_depth=1/buf=1/loop_count=1000/measure_perf=OFF
[ RUN 0055 ] tivxGraphStreaming.PipeliningStreaming4/6/random/sz=64x64/pipe_depth=6/buf=2/loop_count=1000/measure_perf=OFF ...
[     DONE ] tivxGraphStreaming.PipeliningStreaming4/6/random/sz=64x64/pipe_depth=6/buf=2/loop_count=1000/measure_perf=OFF
[ RUN 0056 ] tivxGraphStreaming.PipeliningStreaming4/7/random/sz=64x64/pipe_depth=6/buf=2/loop_count=100000/measure_perf=ON ...
[     DONE ] tivxGraphStreaming.PipeliningStreaming4/7/random/sz=64x64/pipe_depth=6/buf=2/loop_count=100000/measure_perf=ON
[ RUN 0057 ] tivxGraphStreaming.PipeliningStreaming4/8/random/sz=2048x1024/pipe_depth=3/buf=3/loop_count=1000/measure_perf=ON ...
[     DONE ] tivxGraphStreaming.PipeliningStreaming4/8/random/sz=2048x1024/pipe_depth=3/buf=3/loop_count=1000/measure_perf=ON
[ RUN 0058 ] tivxGraphStreaming.PipeliningStreaming5/0/random/sz=64x64/pipe_depth=3/buf=3/loop_count=0/measure_perf=OFF ...
[     DONE ] tivxGraphStreaming.PipeliningStreaming5/0/random/sz=64x64/pipe_depth=3/buf=3/loop_count=0/measure_perf=OFF
[ RUN 0059 ] tivxGraphStreaming.PipeliningStreaming5/1/random/sz=64x64/pipe_depth=1/buf=1/loop_count=0/measure_perf=OFF ...
[     DONE ] tivxGraphStreaming.PipeliningStreaming5/1/random/sz=64x64/pipe_depth=1/buf=1/loop_count=0/measure_perf=OFF
[ RUN 0060 ] tivxGraphStreaming.PipeliningStreaming5/2/random/sz=64x64/pipe_depth=3/buf=3/loop_count=1/measure_perf=OFF ...
[     DONE ] tivxGraphStreaming.PipeliningStreaming5/2/random/sz=64x64/pipe_depth=3/buf=3/loop_count=1/measure_perf=OFF
[ RUN 0061 ] tivxGraphStreaming.PipeliningStreaming5/3/random/sz=64x64/pipe_depth=6/buf=3/loop_count=1000/measure_perf=OFF ...
[     DONE ] tivxGraphStreaming.PipeliningStreaming5/3/random/sz=64x64/pipe_depth=6/buf=3/loop_count=1000/measure_perf=OFF
[ RUN 0062 ] tivxGraphStreaming.PipeliningStreaming5/4/random/sz=64x64/pipe_depth=MAX/buf=3/loop_count=1000/measure_perf=OFF ...
[     DONE ] tivxGraphStreaming.PipeliningStreaming5/4/random/sz=64x64/pipe_depth=MAX/buf=3/loop_count=1000/measure_perf=OFF
[ RUN 0063 ] tivxGraphStreaming.PipeliningStreaming5/5/random/sz=64x64/pipe_depth=1/buf=1/loop_count=1000/measure_perf=OFF ...
[     DONE ] tivxGraphStreaming.PipeliningStreaming5/5/random/sz=64x64/pipe_depth=1/buf=1/loop_count=1000/measure_perf=OFF
[ RUN 0064 ] tivxGraphStreaming.PipeliningStreaming5/6/random/sz=64x64/pipe_depth=6/buf=2/loop_count=1000/measure_perf=OFF ...
[     DONE ] tivxGraphStreaming.PipeliningStreaming5/6/random/sz=64x64/pipe_depth=6/buf=2/loop_count=1000/measure_perf=OFF
[ RUN 0065 ] tivxGraphStreaming.PipeliningStreaming5/7/random/sz=64x64/pipe_depth=6/buf=2/loop_count=100000/measure_perf=ON ...
[     DONE ] tivxGraphStreaming.PipeliningStreaming5/7/random/sz=64x64/pipe_depth=6/buf=2/loop_count=100000/measure_perf=ON
[ RUN 0066 ] tivxGraphStreaming.PipeliningStreaming5/8/random/sz=2048x1024/pipe_depth=3/buf=3/loop_count=1000/measure_perf=ON ...
[     DONE ] tivxGraphStreaming.PipeliningStreaming5/8/random/sz=2048x1024/pipe_depth=3/buf=3/loop_count=1000/measure_perf=ON
[ RUN 0067 ] tivxGraphStreaming.Scalar/0/streaming ...
[     DONE ] tivxGraphStreaming.Scalar/0/streaming
[ RUN 0068 ] tivxGraphStreaming.Scalar/1/streaming ...
[     DONE ] tivxGraphStreaming.Scalar/1/streaming
[ RUN 0069 ] tivxGraphStreaming.Scalar/2/streaming ...
[     DONE ] tivxGraphStreaming.Scalar/2/streaming
[ RUN 0070 ] tivxGraphStreaming.ScalarCtrlCmd ...
[     DONE ] tivxGraphStreaming.ScalarCtrlCmd
[ RUN 0071 ] tivxGraphStreaming.negativeTestStreamingState ...
   302.760215 s:  VX_ZONE_ERROR:[vxStopGraphStreaming:273] vxStopGraphStreaming: Streaming has not been started
   302.760228 s:  VX_ZONE_ERROR:[vxStartGraphStreaming:236] vxStartGraphStreaming: this graph is currently streaming
   302.862164 s:  VX_ZONE_ERROR:[vxStopGraphStreaming:273] vxStopGraphStreaming: Streaming has not been started
[     DONE ] tivxGraphStreaming.negativeTestStreamingState
[ RUN 0072 ] tivxGraphStreaming.negativeTestScalar ...
   302.863132 s:  VX_ZONE_ERROR:[vxStartGraphStreaming:242] vxStartGraphStreaming: streaming has not been enabled. Please enable streaming prior to verifying graph
   302.863588 s:  VX_ZONE_ERROR:[vxScheduleGraph:761] vxScheduleGraph: graph is already streaming
   302.863595 s:  VX_ZONE_ERROR:[vxScheduleGraph:761] vxScheduleGraph: graph is already streaming
   302.863599 s:  VX_ZONE_ERROR:[vxProcessGraph:681] vxProcessGraph: schedule graph failed
   302.863604 s:  VX_ZONE_ERROR:[vxProcessGraph:686] vxProcessGraph: wait graph failed
   302.963666 s:  VX_ZONE_ERROR:[vxScheduleGraph:761] vxScheduleGraph: graph is already streaming
[     DONE ] tivxGraphStreaming.negativeTestScalar
[ RUN 0073 ] tivxGraphStreaming.negativeTestStreamingPipelining1 ...
   302.966543 s:  VX_ZONE_ERROR:[ownGraphVerifyStreamingMode:472] ownGraphVerifyStreamingMode: streaming is not supported with manual or auto pipelining
   302.966551 s:  VX_ZONE_ERROR:[vxVerifyGraph:2007] If streaming is enabled, schedule mode must be normal
   302.966555 s:  VX_ZONE_ERROR:[vxVerifyGraph:2021] Graph verify failed
[     DONE ] tivxGraphStreaming.negativeTestStreamingPipelining1
[ RUN 0074 ] tivxGraphStreaming.negativeTestStreamingPipelining2 ...
   302.967955 s:  VX_ZONE_ERROR:[ownGraphVerifyStreamingMode:472] ownGraphVerifyStreamingMode: streaming is not supported with manual or auto pipelining
   302.967964 s:  VX_ZONE_ERROR:[vxVerifyGraph:2007] If streaming is enabled, schedule mode must be normal
   302.967969 s:  VX_ZONE_ERROR:[vxVerifyGraph:2021] Graph verify failed
[     DONE ] tivxGraphStreaming.negativeTestStreamingPipelining2
[ RUN 0075 ] tivxGraphStreaming.negativeTestStreamingError ...
[     DONE ] tivxGraphStreaming.negativeTestStreamingError
[ RUN 0076 ] tivxGraphStreaming.negativeTestPipeliningStreamingNoTrigger ...
[C6x_1 ]    347.112736 s:  VX_ZONE_ERROR:[tivxTargetKernelExecute:358] tivxTargetKernelExecute: Kernel process function for [com.ti.test_kernels.scalar_source_error] returned error code: -1
   302.971835 s:  VX_ZONE_ERROR:[ownGraphAllocForStreaming:400] ownGraphAllocForStreaming: trigger node is not set with pipelining
   302.971842 s:  VX_ZONE_ERROR:[ownGraphAllocForStreaming:410] ownGraphAllocForStreaming: event could not be registered
   302.971846 s:  VX_ZONE_ERROR:[ownGraphAllocForStreaming:447] ownGraphAllocForStreaming: graph event queue could not be registered
   302.971851 s:  VX_ZONE_ERROR:[vxVerifyGraph:1997] Unable to alloc streaming objects for graph
   302.971855 s:  VX_ZONE_ERROR:[vxVerifyGraph:2021] Graph verify failed
[     DONE ] tivxGraphStreaming.negativeTestPipeliningStreamingNoTrigger
[ -------- ] 76 tests from test case tivxGraphStreaming

[ -------- ] tests from tivxSourceNode
[ RUN 0001 ] tivxSourceNode.SourceObjArray/0/streaming ...
[     DONE ] tivxSourceNode.SourceObjArray/0/streaming
[ RUN 0002 ] tivxSourceNode.SourceObjArray/1/streaming ...
[     DONE ] tivxSourceNode.SourceObjArray/1/streaming
[ RUN 0003 ] tivxSourceNode.SourceObjArray/2/streaming ...
[     DONE ] tivxSourceNode.SourceObjArray/2/streaming
[ RUN 0004 ] tivxSourceNode.SinkObjArray/0/streaming ...
[     DONE ] tivxSourceNode.SinkObjArray/0/streaming
[ RUN 0005 ] tivxSourceNode.SinkObjArray/1/streaming ...
[     DONE ] tivxSourceNode.SinkObjArray/1/streaming
[ RUN 0006 ] tivxSourceNode.SinkObjArray/2/streaming ...
[     DONE ] tivxSourceNode.SinkObjArray/2/streaming
[ RUN 0007 ] tivxSourceNode.SinkObjArray2/0/streaming ...
[     DONE ] tivxSourceNode.SinkObjArray2/0/streaming
[ RUN 0008 ] tivxSourceNode.SinkObjArray2/1/streaming ...
[     DONE ] tivxSourceNode.SinkObjArray2/1/streaming
[ RUN 0009 ] tivxSourceNode.SinkObjArray2/2/streaming ...
[     DONE ] tivxSourceNode.SinkObjArray2/2/streaming
[ RUN 0010 ] tivxSourceNode.SinkObjArray3/0/streaming ...
[     DONE ] tivxSourceNode.SinkObjArray3/0/streaming
[ RUN 0011 ] tivxSourceNode.SinkObjArray3/1/streaming ...
[     DONE ] tivxSourceNode.SinkObjArray3/1/streaming
[ RUN 0012 ] tivxSourceNode.SinkObjArray3/2/streaming ...
[     DONE ] tivxSourceNode.SinkObjArray3/2/streaming
[ RUN 0013 ] tivxSourceNode.NewSourceSink/0/streaming ...
[     DONE ] tivxSourceNode.NewSourceSink/0/streaming
[ RUN 0014 ] tivxSourceNode.NewSourceSink/1/streaming ...
[     DONE ] tivxSourceNode.NewSourceSink/1/streaming
[ RUN 0015 ] tivxSourceNode.NewSourceSink/2/streaming ...
[     DONE ] tivxSourceNode.NewSourceSink/2/streaming
[ RUN 0016 ] tivxSourceNode.NewSourcePipeline/0/streaming ...
[     DONE ] tivxSourceNode.NewSourcePipeline/0/streaming
[ RUN 0017 ] tivxSourceNode.NewSourcePipeline/1/streaming ...
[     DONE ] tivxSourceNode.NewSourcePipeline/1/streaming
[ RUN 0018 ] tivxSourceNode.NewSourcePipeline/2/streaming ...
[     DONE ] tivxSourceNode.NewSourcePipeline/2/streaming
[ RUN 0019 ] tivxSourceNode.NewSourceSinkPipeline/0/streaming ...
[     DONE ] tivxSourceNode.NewSourceSinkPipeline/0/streaming
[ RUN 0020 ] tivxSourceNode.NewSourceSinkPipeline/1/streaming ...
[     DONE ] tivxSourceNode.NewSourceSinkPipeline/1/streaming
[ RUN 0021 ] tivxSourceNode.NewSourceSinkPipeline/2/streaming ...
[     DONE ] tivxSourceNode.NewSourceSinkPipeline/2/streaming
[ RUN 0022 ] tivxSourceNode.NewSourceIntermediatePipeline/0/streaming ...
[     DONE ] tivxSourceNode.NewSourceIntermediatePipeline/0/streaming
[ RUN 0023 ] tivxSourceNode.NewSourceIntermediatePipeline/1/streaming ...
[     DONE ] tivxSourceNode.NewSourceIntermediatePipeline/1/streaming
[ RUN 0024 ] tivxSourceNode.NewSourceIntermediatePipeline/2/streaming ...
[     DONE ] tivxSourceNode.NewSourceIntermediatePipeline/2/streaming
[ RUN 0025 ] tivxSourceNode.NewSourceIntermediatePipeline2/0/streaming ...
[     DONE ] tivxSourceNode.NewSourceIntermediatePipeline2/0/streaming
[ RUN 0026 ] tivxSourceNode.NewSourceIntermediatePipeline2/1/streaming ...
[     DONE ] tivxSourceNode.NewSourceIntermediatePipeline2/1/streaming
[ RUN 0027 ] tivxSourceNode.NewSourceIntermediatePipeline2/2/streaming ...
[     DONE ] tivxSourceNode.NewSourceIntermediatePipeline2/2/streaming
[ RUN 0028 ] tivxSourceNode.MultiGraphPipelined1/0/streaming ...
[     DONE ] tivxSourceNode.MultiGraphPipelined1/0/streaming
[ RUN 0029 ] tivxSourceNode.MultiGraphPipelined1/1/streaming ...
[     DONE ] tivxSourceNode.MultiGraphPipelined1/1/streaming
[ RUN 0030 ] tivxSourceNode.MultiGraphPipelined1/2/streaming ...
[     DONE ] tivxSourceNode.MultiGraphPipelined1/2/streaming
[ RUN 0031 ] tivxSourceNode.MultiGraphPipelined2/0/streaming ...
[     DONE ] tivxSourceNode.MultiGraphPipelined2/0/streaming
[ RUN 0032 ] tivxSourceNode.MultiGraphPipelined2/1/streaming ...
[     DONE ] tivxSourceNode.MultiGraphPipelined2/1/streaming
[ RUN 0033 ] tivxSourceNode.MultiGraphPipelined2/2/streaming ...
[     DONE ] tivxSourceNode.MultiGraphPipelined2/2/streaming
[ RUN 0034 ] tivxSourceNode.MultiGraphPipelined3/0/streaming ...
[     DONE ] tivxSourceNode.MultiGraphPipelined3/0/streaming
[ RUN 0035 ] tivxSourceNode.MultiGraphPipelined3/1/streaming ...
[     DONE ] tivxSourceNode.MultiGraphPipelined3/1/streaming
[ RUN 0036 ] tivxSourceNode.MultiGraphPipelined3/2/streaming ...
[     DONE ] tivxSourceNode.MultiGraphPipelined3/2/streaming
[ RUN 0037 ] tivxSourceNode.PipeliningStreaming1/0/random/sz=64x64/pipe_depth=3/buf=3/loop_count=0/measure_perf=OFF ...
[     DONE ] tivxSourceNode.PipeliningStreaming1/0/random/sz=64x64/pipe_depth=3/buf=3/loop_count=0/measure_perf=OFF
[ RUN 0038 ] tivxSourceNode.PipeliningStreaming1/1/random/sz=64x64/pipe_depth=1/buf=1/loop_count=0/measure_perf=OFF ...
[     DONE ] tivxSourceNode.PipeliningStreaming1/1/random/sz=64x64/pipe_depth=1/buf=1/loop_count=0/measure_perf=OFF
[ RUN 0039 ] tivxSourceNode.PipeliningStreaming1/2/random/sz=64x64/pipe_depth=3/buf=3/loop_count=1/measure_perf=OFF ...
[     DONE ] tivxSourceNode.PipeliningStreaming1/2/random/sz=64x64/pipe_depth=3/buf=3/loop_count=1/measure_perf=OFF
[ RUN 0040 ] tivxSourceNode.PipeliningStreaming1/3/random/sz=64x64/pipe_depth=6/buf=3/loop_count=1000/measure_perf=OFF ...
[     DONE ] tivxSourceNode.PipeliningStreaming1/3/random/sz=64x64/pipe_depth=6/buf=3/loop_count=1000/measure_perf=OFF
[ RUN 0041 ] tivxSourceNode.PipeliningStreaming1/4/random/sz=64x64/pipe_depth=MAX/buf=3/loop_count=1000/measure_perf=OFF ...
[     DONE ] tivxSourceNode.PipeliningStreaming1/4/random/sz=64x64/pipe_depth=MAX/buf=3/loop_count=1000/measure_perf=OFF
[ RUN 0042 ] tivxSourceNode.PipeliningStreaming1/5/random/sz=64x64/pipe_depth=1/buf=1/loop_count=1000/measure_perf=OFF ...
[     DONE ] tivxSourceNode.PipeliningStreaming1/5/random/sz=64x64/pipe_depth=1/buf=1/loop_count=1000/measure_perf=OFF
[ RUN 0043 ] tivxSourceNode.PipeliningStreaming1/6/random/sz=64x64/pipe_depth=6/buf=2/loop_count=1000/measure_perf=OFF ...
[     DONE ] tivxSourceNode.PipeliningStreaming1/6/random/sz=64x64/pipe_depth=6/buf=2/loop_count=1000/measure_perf=OFF
[ RUN 0044 ] tivxSourceNode.PipeliningStreaming1/7/random/sz=64x64/pipe_depth=6/buf=2/loop_count=100000/measure_perf=ON ...
[     DONE ] tivxSourceNode.PipeliningStreaming1/7/random/sz=64x64/pipe_depth=6/buf=2/loop_count=100000/measure_perf=ON
[ RUN 0045 ] tivxSourceNode.PipeliningStreaming1/8/random/sz=2048x1024/pipe_depth=3/buf=3/loop_count=1000/measure_perf=ON ...
[     DONE ] tivxSourceNode.PipeliningStreaming1/8/random/sz=2048x1024/pipe_depth=3/buf=3/loop_count=1000/measure_perf=ON
[ RUN 0046 ] tivxSourceNode.PipeliningStreaming2/0/random/sz=64x64/pipe_depth=3/buf=3/loop_count=0/measure_perf=OFF ...
[     DONE ] tivxSourceNode.PipeliningStreaming2/0/random/sz=64x64/pipe_depth=3/buf=3/loop_count=0/measure_perf=OFF
[ RUN 0047 ] tivxSourceNode.PipeliningStreaming2/1/random/sz=64x64/pipe_depth=1/buf=1/loop_count=0/measure_perf=OFF ...
[     DONE ] tivxSourceNode.PipeliningStreaming2/1/random/sz=64x64/pipe_depth=1/buf=1/loop_count=0/measure_perf=OFF
[ RUN 0048 ] tivxSourceNode.PipeliningStreaming2/2/random/sz=64x64/pipe_depth=3/buf=3/loop_count=1/measure_perf=OFF ...
[     DONE ] tivxSourceNode.PipeliningStreaming2/2/random/sz=64x64/pipe_depth=3/buf=3/loop_count=1/measure_perf=OFF
[ RUN 0049 ] tivxSourceNode.PipeliningStreaming2/3/random/sz=64x64/pipe_depth=6/buf=3/loop_count=1000/measure_perf=OFF ...
[     DONE ] tivxSourceNode.PipeliningStreaming2/3/random/sz=64x64/pipe_depth=6/buf=3/loop_count=1000/measure_perf=OFF
[ RUN 0050 ] tivxSourceNode.PipeliningStreaming2/4/random/sz=64x64/pipe_depth=MAX/buf=3/loop_count=1000/measure_perf=OFF ...
[     DONE ] tivxSourceNode.PipeliningStreaming2/4/random/sz=64x64/pipe_depth=MAX/buf=3/loop_count=1000/measure_perf=OFF
[ RUN 0051 ] tivxSourceNode.PipeliningStreaming2/5/random/sz=64x64/pipe_depth=1/buf=1/loop_count=1000/measure_perf=OFF ...
[     DONE ] tivxSourceNode.PipeliningStreaming2/5/random/sz=64x64/pipe_depth=1/buf=1/loop_count=1000/measure_perf=OFF
[ RUN 0052 ] tivxSourceNode.PipeliningStreaming2/6/random/sz=64x64/pipe_depth=6/buf=2/loop_count=1000/measure_perf=OFF ...
[     DONE ] tivxSourceNode.PipeliningStreaming2/6/random/sz=64x64/pipe_depth=6/buf=2/loop_count=1000/measure_perf=OFF
[ RUN 0053 ] tivxSourceNode.PipeliningStreaming2/7/random/sz=64x64/pipe_depth=6/buf=2/loop_count=100000/measure_perf=ON ...
[     DONE ] tivxSourceNode.PipeliningStreaming2/7/random/sz=64x64/pipe_depth=6/buf=2/loop_count=100000/measure_perf=ON
[ RUN 0054 ] tivxSourceNode.PipeliningStreaming2/8/random/sz=2048x1024/pipe_depth=3/buf=3/loop_count=1000/measure_perf=ON ...
[     DONE ] tivxSourceNode.PipeliningStreaming2/8/random/sz=2048x1024/pipe_depth=3/buf=3/loop_count=1000/measure_perf=ON
[ RUN 0055 ] tivxSourceNode.PipeliningStreaming3/0/random/sz=64x64/pipe_depth=3/buf=3/loop_count=0/measure_perf=OFF ...
[     DONE ] tivxSourceNode.PipeliningStreaming3/0/random/sz=64x64/pipe_depth=3/buf=3/loop_count=0/measure_perf=OFF
[ RUN 0056 ] tivxSourceNode.PipeliningStreaming3/1/random/sz=64x64/pipe_depth=1/buf=1/loop_count=0/measure_perf=OFF ...
[     DONE ] tivxSourceNode.PipeliningStreaming3/1/random/sz=64x64/pipe_depth=1/buf=1/loop_count=0/measure_perf=OFF
[ RUN 0057 ] tivxSourceNode.PipeliningStreaming3/2/random/sz=64x64/pipe_depth=3/buf=3/loop_count=1/measure_perf=OFF ...
[     DONE ] tivxSourceNode.PipeliningStreaming3/2/random/sz=64x64/pipe_depth=3/buf=3/loop_count=1/measure_perf=OFF
[ RUN 0058 ] tivxSourceNode.PipeliningStreaming3/3/random/sz=64x64/pipe_depth=6/buf=3/loop_count=1000/measure_perf=OFF ...
[     DONE ] tivxSourceNode.PipeliningStreaming3/3/random/sz=64x64/pipe_depth=6/buf=3/loop_count=1000/measure_perf=OFF
[ RUN 0059 ] tivxSourceNode.PipeliningStreaming3/4/random/sz=64x64/pipe_depth=MAX/buf=3/loop_count=1000/measure_perf=OFF ...
[     DONE ] tivxSourceNode.PipeliningStreaming3/4/random/sz=64x64/pipe_depth=MAX/buf=3/loop_count=1000/measure_perf=OFF
[ RUN 0060 ] tivxSourceNode.PipeliningStreaming3/5/random/sz=64x64/pipe_depth=1/buf=1/loop_count=1000/measure_perf=OFF ...
[     DONE ] tivxSourceNode.PipeliningStreaming3/5/random/sz=64x64/pipe_depth=1/buf=1/loop_count=1000/measure_perf=OFF
[ RUN 0061 ] tivxSourceNode.PipeliningStreaming3/6/random/sz=64x64/pipe_depth=6/buf=2/loop_count=1000/measure_perf=OFF ...
[     DONE ] tivxSourceNode.PipeliningStreaming3/6/random/sz=64x64/pipe_depth=6/buf=2/loop_count=1000/measure_perf=OFF
[ RUN 0062 ] tivxSourceNode.PipeliningStreaming3/7/random/sz=64x64/pipe_depth=6/buf=2/loop_count=100000/measure_perf=ON ...
[     DONE ] tivxSourceNode.PipeliningStreaming3/7/random/sz=64x64/pipe_depth=6/buf=2/loop_count=100000/measure_perf=ON
[ RUN 0063 ] tivxSourceNode.PipeliningStreaming3/8/random/sz=2048x1024/pipe_depth=3/buf=3/loop_count=1000/measure_perf=ON ...
[     DONE ] tivxSourceNode.PipeliningStreaming3/8/random/sz=2048x1024/pipe_depth=3/buf=3/loop_count=1000/measure_perf=ON
[ -------- ] 63 tests from test case tivxSourceNode

[ -------- ] tests from tivxTestSinkNode
[ RUN 0001 ] tivxTestSinkNode.SinkNode/0/sink_node/pipe_depth=3/buf=3/loop_count=10/stream_time=100 ...
[ N0 ] Execution time for         1 pixels (avg = 0.935642 ms, min = 0.579000 ms, max = 0.968000 ms)
[ SYS ] Execution time (avg =    1.055 ms, sum =   13.720 ms, num = 13)
[     DONE ] tivxTestSinkNode.SinkNode/0/sink_node/pipe_depth=3/buf=3/loop_count=10/stream_time=100
[ RUN 0002 ] tivxTestSinkNode.SourceSinkNode/0/sink_node/pipe_depth=3/buf=3/loop_count=10/stream_time=100 ...
 Graph executed 51 times
[ N0 ] Execution time for         1 pixels (avg = 0.965039 ms, min = 0.862000 ms, max = 0.969000 ms)
[ N1 ] Execution time for         1 pixels (avg = 0.954745 ms, min = 0.952000 ms, max = 0.958000 ms)
[ N2 ] Execution time for         1 pixels (avg = 0.938666 ms, min = 0.936000 ms, max = 0.941000 ms)
[ SYS ] Execution time (avg =    2.000 ms, sum =  102.006 ms, num = 51)
[     DONE ] tivxTestSinkNode.SourceSinkNode/0/sink_node/pipe_depth=3/buf=3/loop_count=10/stream_time=100
[ RUN 0003 ] tivxTestSinkNode.SourceSinkNode2/0/sink_node/pipe_depth=3/buf=3/loop_count=10/stream_time=100 ...
 Graph executed 51 times
[ N0 ] Execution time for         1 pixels (avg = 0.962254 ms, min = 0.719000 ms, max = 0.969000 ms)
[ N1 ] Execution time for         1 pixels (avg = 0.955568 ms, min = 0.954000 ms, max = 0.959000 ms)
[ N2 ] Execution time for         1 pixels (avg = 0.939803 ms, min = 0.938000 ms, max = 0.941000 ms)
[ SYS ] Execution time (avg =    1.997 ms, sum =  101.864 ms, num = 51)
[     DONE ] tivxTestSinkNode.SourceSinkNode2/0/sink_node/pipe_depth=3/buf=3/loop_count=10/stream_time=100
[ -------- ] 3 tests from test case tivxTestSinkNode

[ -------- ] tests from GraphStreaming
[ RUN 0001 ] GraphStreaming.SourceUserKernel/0/streaming_with_buffering ...
[     DONE ] GraphStreaming.SourceUserKernel/0/streaming_with_buffering
[ RUN 0002 ] GraphStreaming.SourceUserKernel/1/streaming_with_buffering ...
[     DONE ] GraphStreaming.SourceUserKernel/1/streaming_with_buffering
[ RUN 0003 ] GraphStreaming.SourceUserKernel/2/streaming_with_buffering ...
[     DONE ] GraphStreaming.SourceUserKernel/2/streaming_with_buffering
